Resource Report
Microsemi Corporation - Microsemi Libero Software Release v12.6 (Version 12.900.20.24)
Date: Sun Oct 29 13:48:25 2023

Device Selection
+--------------------------------+----------------+
| Family                         | SmartFusion2   |
| Device                         | M2S010         |
| Package                        | 144 TQ         |
| Speed Grade                    | STD            |
| Temp                           | 0:25:85        |
| Voltage                        | 1.26:1.20:1.14 |
| Core Voltage                   | 1.2V           |
| Ramp Rate                      | 100ms Minimum  |
| System Controller Suspend Mode | No             |
| PLL Supply Voltage             | 2.5V           |
| Default I/O technology         | LVCMOS 2.5V    |
| Restrict Probe Pins            | Yes            |
| Restrict SPI Pins              | No             |
+--------------------------------+----------------+

Source Files
+---------+---------------------------------------------------------------+
| Topcell | CounterChain                                                  |
| Format  | Verilog                                                       |
| Source  | C:\Microsemi_Prj\Project2\P2M3\P2M3\synthesis\CounterChain.vm |
+---------+---------------------------------------------------------------+

Options
+----------------------------------------------------+-------+
| Enable Single Event Transient mitigation           | false |
| Enable Design Separation Methodology               | false |
| Limit the number of high fanout nets to display to | 10    |
+----------------------------------------------------+-------+

Resource Usage
+---------------------------+------+-------+------------+
| Type                      | Used | Total | Percentage |
+---------------------------+------+-------+------------+
| 4LUT                      | 2101 | 12084 | 17.39      |
| DFF                       | 1598 | 12084 | 13.22      |
| I/O Register              | 0    | 252   | 0.00       |
| User I/O                  | 2    | 84    | 2.38       |
| -- Single-ended I/O       | 2    | 84    | 2.38       |
| -- Differential I/O Pairs | 0    | 37    | 0.00       |
| RAM64x18                  | 0    | 22    | 0.00       |
| RAM1K18                   | 0    | 21    | 0.00       |
| MACC                      | 0    | 22    | 0.00       |
| Chip Globals              | 1    | 8     | 12.50      |
| CCC                       | 0    | 2     | 0.00       |
| RCOSC_25_50MHZ            | 0    | 1     | 0.00       |
| RCOSC_1MHZ                | 0    | 1     | 0.00       |
| XTLOSC                    | 0    | 1     | 0.00       |
| MSS                       | 0    | 1     | 0.00       |
+---------------------------+------+-------+------------+

Detailed Logic Resource Usage
+--------------------------+------+------+
| Type                     | 4LUT | DFF  |
+--------------------------+------+------+
| Fabric Logic             | 2101 | 1598 |
| RAM64x18 Interface Logic | 0    | 0    |
| RAM1K18 Interface Logic  | 0    | 0    |
| MACC Interface Logic     | 0    | 0    |
| Total Used               | 2101 | 1598 |
+--------------------------+------+------+

Detailed Carry Chains Resource Usage
+--------+------+
| Length | Used |
| 16     | 2    |
| 17     | 98   |
| Total  | 100  |
+--------+------+

I/O Function
+-------------------------------+--------------+-------------+-----------------+
| Type                          | w/o register | w/ register | w/ DDR register |
+-------------------------------+--------------+-------------+-----------------+
| Input I/O                     | 1            | 0           | 0               |
| Output I/O                    | 1            | 0           | 0               |
| Bidirectional I/O             | 0            | 0           | 0               |
| Differential Input I/O Pairs  | 0            | 0           | 0               |
| Differential Output I/O Pairs | 0            | 0           | 0               |
+-------------------------------+--------------+-------------+-----------------+

I/O Technology
+--------------+--------+------+-------+--------+---------------+
| I/O Standard | Vddi   | Vref | Input | Output | Bidirectional |
+--------------+--------+------+-------+--------+---------------+
| LVCMOS25     |  2.50v |  N/A |  1    |  1     |  0            |
+--------------+--------+------+-------+--------+---------------+

Nets assigned to chip global resources
+--------+---------+----------------------------------+
| Fanout | Type    | Name                             |
+--------+---------+----------------------------------+
| 1598   | INT_NET | Net   : clk_c                    |
|        |         | Driver: clk_ibuf_RNIVTI2/U0_RGB1 |
|        |         | Source: NETLIST                  |
+--------+---------+----------------------------------+

Nets assigned to row global resources
+--------+------+------+
| Fanout | Type | Name |
+--------+------+------+
+--------+------+------+

High fanout nets
+--------+---------+------------------------------------------+
| Fanout | Type    | Name                                     |
+--------+---------+------------------------------------------+
| 14     | INT_NET | Net   : genCounters[99].counters[99]2_Z  |
|        |         | Driver: genCounters[99].counters[99]2    |
| 4      | INT_NET | Net   : un498_counters_cry_0             |
|        |         | Driver: genCounters[98].counters[98][14] |
| 4      | INT_NET | Net   : un498_counters_axb_1             |
|        |         | Driver: genCounters[98].counters[98][15] |
| 3      | INT_NET | Net   : genCounters[0].counters[0]_Z[15] |
|        |         | Driver: genCounters[0].counters[0][15]   |
| 3      | INT_NET | Net   : genCounters[0].counters[0]_Z[14] |
|        |         | Driver: genCounters[0].counters[0][14]   |
| 3      | INT_NET | Net   : genCounters[0].counters[0]_Z[0]  |
|        |         | Driver: genCounters[0].counters[0][0]    |
| 3      | INT_NET | Net   : genCounters[1].counters[1]_Z[15] |
|        |         | Driver: genCounters[1].counters[1][15]   |
| 3      | INT_NET | Net   : genCounters[1].counters[1]_Z[14] |
|        |         | Driver: genCounters[1].counters[1][14]   |
| 3      | INT_NET | Net   : genCounters[2].counters[2]_Z[15] |
|        |         | Driver: genCounters[2].counters[2][15]   |
| 3      | INT_NET | Net   : genCounters[2].counters[2]_Z[14] |
|        |         | Driver: genCounters[2].counters[2][14]   |
+--------+---------+------------------------------------------+

High fanout nets (through buffer trees)
+--------+---------+------------------------------------------+
| Fanout | Type    | Name                                     |
+--------+---------+------------------------------------------+
| 14     | INT_NET | Net   : genCounters[99].counters[99]2_Z  |
|        |         | Driver: genCounters[99].counters[99]2    |
| 4      | INT_NET | Net   : un498_counters_cry_0             |
|        |         | Driver: genCounters[98].counters[98][14] |
| 4      | INT_NET | Net   : un498_counters_axb_1             |
|        |         | Driver: genCounters[98].counters[98][15] |
| 3      | INT_NET | Net   : genCounters[0].counters[0]_Z[15] |
|        |         | Driver: genCounters[0].counters[0][15]   |
| 3      | INT_NET | Net   : genCounters[0].counters[0]_Z[14] |
|        |         | Driver: genCounters[0].counters[0][14]   |
| 3      | INT_NET | Net   : genCounters[0].counters[0]_Z[0]  |
|        |         | Driver: genCounters[0].counters[0][0]    |
| 3      | INT_NET | Net   : genCounters[1].counters[1]_Z[15] |
|        |         | Driver: genCounters[1].counters[1][15]   |
| 3      | INT_NET | Net   : genCounters[1].counters[1]_Z[14] |
|        |         | Driver: genCounters[1].counters[1][14]   |
| 3      | INT_NET | Net   : genCounters[2].counters[2]_Z[15] |
|        |         | Driver: genCounters[2].counters[2][15]   |
| 3      | INT_NET | Net   : genCounters[2].counters[2]_Z[14] |
|        |         | Driver: genCounters[2].counters[2][14]   |
+--------+---------+------------------------------------------+

