------------------------------------------------------------
Timing Analyzer Summary
------------------------------------------------------------

Type  : Slow 1200mV 85C Model Setup 'clk'
Slack : 3.048
TNS   : 0.000

Type  : Slow 1200mV 85C Model Hold 'clk'
Slack : 0.322
TNS   : 0.000

Type  : Slow 1200mV 85C Model Recovery 'clk'
Slack : 6.477
TNS   : 0.000

Type  : Slow 1200mV 85C Model Removal 'clk'
Slack : 2.957
TNS   : 0.000

Type  : Slow 1200mV 85C Model Minimum Pulse Width 'clk'
Slack : 5.107
TNS   : 0.000

Type  : Slow 1200mV 0C Model Setup 'clk'
Slack : 3.644
TNS   : 0.000

Type  : Slow 1200mV 0C Model Hold 'clk'
Slack : 0.292
TNS   : 0.000

Type  : Slow 1200mV 0C Model Recovery 'clk'
Slack : 6.687
TNS   : 0.000

Type  : Slow 1200mV 0C Model Removal 'clk'
Slack : 2.965
TNS   : 0.000

Type  : Slow 1200mV 0C Model Minimum Pulse Width 'clk'
Slack : 5.129
TNS   : 0.000

Type  : Fast 1200mV 0C Model Setup 'clk'
Slack : 5.820
TNS   : 0.000

Type  : Fast 1200mV 0C Model Hold 'clk'
Slack : 0.146
TNS   : 0.000

Type  : Fast 1200mV 0C Model Recovery 'clk'
Slack : 7.061
TNS   : 0.000

Type  : Fast 1200mV 0C Model Removal 'clk'
Slack : 2.972
TNS   : 0.000

Type  : Fast 1200mV 0C Model Minimum Pulse Width 'clk'
Slack : 4.942
TNS   : 0.000

------------------------------------------------------------
