11:34:14 **** Incremental Build of configuration Debug for project test_software ****
make all 
Building file: ../firmware/hal/CortexM3/cortex_nvic.c
Invoking: Cross ARM GNU C Compiler
arm-none-eabi-gcc -mcpu=cortex-m3 -mthumb -O0 -fmessage-length=0 -fsigned-char -ffunction-sections -fdata-sections  -g3 -I"D:\Microsemi\SoftConsole_v5.1\CMSIS\V4.5\Include" -std=gnu11 -MMD -MP -MF"firmware/hal/CortexM3/cortex_nvic.d" -MT"firmware/hal/CortexM3/cortex_nvic.o" -c -o "firmware/hal/CortexM3/cortex_nvic.o" "../firmware/hal/CortexM3/cortex_nvic.c"
Finished building: ../firmware/hal/CortexM3/cortex_nvic.c
 
Building file: ../firmware/drivers_config/sys_config/sys_config.c
Invoking: Cross ARM GNU C Compiler
arm-none-eabi-gcc -mcpu=cortex-m3 -mthumb -O0 -fmessage-length=0 -fsigned-char -ffunction-sections -fdata-sections  -g3 -I"D:\Microsemi\SoftConsole_v5.1\CMSIS\V4.5\Include" -std=gnu11 -MMD -MP -MF"firmware/drivers_config/sys_config/sys_config.d" -MT"firmware/drivers_config/sys_config/sys_config.o" -c -o "firmware/drivers_config/sys_config/sys_config.o" "../firmware/drivers_config/sys_config/sys_config.c"
Finished building: ../firmware/drivers_config/sys_config/sys_config.c
 
Building file: ../firmware/drivers/mss_sys_services/mss_comblk.c
Invoking: Cross ARM GNU C Compiler
arm-none-eabi-gcc -mcpu=cortex-m3 -mthumb -O0 -fmessage-length=0 -fsigned-char -ffunction-sections -fdata-sections  -g3 -I"D:\Microsemi\SoftConsole_v5.1\CMSIS\V4.5\Include" -std=gnu11 -MMD -MP -MF"firmware/drivers/mss_sys_services/mss_comblk.d" -MT"firmware/drivers/mss_sys_services/mss_comblk.o" -c -o "firmware/drivers/mss_sys_services/mss_comblk.o" "../firmware/drivers/mss_sys_services/mss_comblk.c"
Finished building: ../firmware/drivers/mss_sys_services/mss_comblk.c
 
Building file: ../firmware/drivers/mss_sys_services/mss_sys_services.c
Invoking: Cross ARM GNU C Compiler
arm-none-eabi-gcc -mcpu=cortex-m3 -mthumb -O0 -fmessage-length=0 -fsigned-char -ffunction-sections -fdata-sections  -g3 -I"D:\Microsemi\SoftConsole_v5.1\CMSIS\V4.5\Include" -std=gnu11 -MMD -MP -MF"firmware/drivers/mss_sys_services/mss_sys_services.d" -MT"firmware/drivers/mss_sys_services/mss_sys_services.o" -c -o "firmware/drivers/mss_sys_services/mss_sys_services.o" "../firmware/drivers/mss_sys_services/mss_sys_services.c"
Finished building: ../firmware/drivers/mss_sys_services/mss_sys_services.c
 
Building file: ../firmware/drivers/mss_nvm/mss_nvm.c
Invoking: Cross ARM GNU C Compiler
arm-none-eabi-gcc -mcpu=cortex-m3 -mthumb -O0 -fmessage-length=0 -fsigned-char -ffunction-sections -fdata-sections  -g3 -I"D:\Microsemi\SoftConsole_v5.1\CMSIS\V4.5\Include" -std=gnu11 -MMD -MP -MF"firmware/drivers/mss_nvm/mss_nvm.d" -MT"firmware/drivers/mss_nvm/mss_nvm.o" -c -o "firmware/drivers/mss_nvm/mss_nvm.o" "../firmware/drivers/mss_nvm/mss_nvm.c"
Finished building: ../firmware/drivers/mss_nvm/mss_nvm.c
 
Building file: ../firmware/drivers/mss_hpdma/mss_hpdma.c
Invoking: Cross ARM GNU C Compiler
arm-none-eabi-gcc -mcpu=cortex-m3 -mthumb -O0 -fmessage-length=0 -fsigned-char -ffunction-sections -fdata-sections  -g3 -I"D:\Microsemi\SoftConsole_v5.1\CMSIS\V4.5\Include" -std=gnu11 -MMD -MP -MF"firmware/drivers/mss_hpdma/mss_hpdma.d" -MT"firmware/drivers/mss_hpdma/mss_hpdma.o" -c -o "firmware/drivers/mss_hpdma/mss_hpdma.o" "../firmware/drivers/mss_hpdma/mss_hpdma.c"
Finished building: ../firmware/drivers/mss_hpdma/mss_hpdma.c
 
Building file: ../firmware/drivers/mss_gpio/mss_gpio.c
Invoking: Cross ARM GNU C Compiler
arm-none-eabi-gcc -mcpu=cortex-m3 -mthumb -O0 -fmessage-length=0 -fsigned-char -ffunction-sections -fdata-sections  -g3 -I"D:\Microsemi\SoftConsole_v5.1\CMSIS\V4.5\Include" -std=gnu11 -MMD -MP -MF"firmware/drivers/mss_gpio/mss_gpio.d" -MT"firmware/drivers/mss_gpio/mss_gpio.o" -c -o "firmware/drivers/mss_gpio/mss_gpio.o" "../firmware/drivers/mss_gpio/mss_gpio.c"
Finished building: ../firmware/drivers/mss_gpio/mss_gpio.c
 
Building file: ../firmware/CMSIS/startup_gcc/newlib_stubs.c
Invoking: Cross ARM GNU C Compiler
arm-none-eabi-gcc -mcpu=cortex-m3 -mthumb -O0 -fmessage-length=0 -fsigned-char -ffunction-sections -fdata-sections  -g3 -I"D:\Microsemi\SoftConsole_v5.1\CMSIS\V4.5\Include" -std=gnu11 -MMD -MP -MF"firmware/CMSIS/startup_gcc/newlib_stubs.d" -MT"firmware/CMSIS/startup_gcc/newlib_stubs.o" -c -o "firmware/CMSIS/startup_gcc/newlib_stubs.o" "../firmware/CMSIS/startup_gcc/newlib_stubs.c"
Finished building: ../firmware/CMSIS/startup_gcc/newlib_stubs.c
 
Building file: ../firmware/CMSIS/startup_gcc/startup_m2sxxx.S
Invoking: Cross ARM GNU Assembler
arm-none-eabi-gcc -mcpu=cortex-m3 -mthumb -O0 -fmessage-length=0 -fsigned-char -ffunction-sections -fdata-sections  -g3 -x assembler-with-cpp -I"D:\Microsemi\SoftConsole_v5.1\CMSIS\V4.5\Include" -MMD -MP -MF"firmware/CMSIS/startup_gcc/startup_m2sxxx.d" -MT"firmware/CMSIS/startup_gcc/startup_m2sxxx.o" -c -o "firmware/CMSIS/startup_gcc/startup_m2sxxx.o" "../firmware/CMSIS/startup_gcc/startup_m2sxxx.S"
Finished building: ../firmware/CMSIS/startup_gcc/startup_m2sxxx.S
 
Building file: ../firmware/CMSIS/system_m2sxxx.c
Invoking: Cross ARM GNU C Compiler
arm-none-eabi-gcc -mcpu=cortex-m3 -mthumb -O0 -fmessage-length=0 -fsigned-char -ffunction-sections -fdata-sections  -g3 -I"D:\Microsemi\SoftConsole_v5.1\CMSIS\V4.5\Include" -std=gnu11 -MMD -MP -MF"firmware/CMSIS/system_m2sxxx.d" -MT"firmware/CMSIS/system_m2sxxx.o" -c -o "firmware/CMSIS/system_m2sxxx.o" "../firmware/CMSIS/system_m2sxxx.c"
Finished building: ../firmware/CMSIS/system_m2sxxx.c
 
Building file: ../main.c
Invoking: Cross ARM GNU C Compiler
arm-none-eabi-gcc -mcpu=cortex-m3 -mthumb -O0 -fmessage-length=0 -fsigned-char -ffunction-sections -fdata-sections  -g3 -I"D:\Microsemi\SoftConsole_v5.1\CMSIS\V4.5\Include" -std=gnu11 -MMD -MP -MF"main.d" -MT"main.o" -c -o "main.o" "../main.c"
Finished building: ../main.c
 
Building target: test_software.elf
Invoking: Cross ARM GNU C Linker
arm-none-eabi-gcc -mcpu=cortex-m3 -mthumb -O0 -fmessage-length=0 -fsigned-char -ffunction-sections -fdata-sections  -g3 -T "X:\Graduate\ECEN5863\ProgrammableLogicProjects\Project2\Module2\SoftConsoleWorkspace\test_software\firmware\CMSIS\startup_gcc\debug-in-microsemi-smartfusion2-esram.ld" -Xlinker --gc-sections -Wl,-Map,"test_software.map" --specs=nano.specs --specs=cmsis.specs -o "test_software.elf"  ./firmware/hal/CortexM3/GNU/hal.o ./firmware/hal/CortexM3/GNU/hw_reg_access.o  ./firmware/hal/CortexM3/cortex_nvic.o  ./firmware/drivers_config/sys_config/sys_config.o  ./firmware/drivers/mss_sys_services/mss_comblk.o ./firmware/drivers/mss_sys_services/mss_sys_services.o  ./firmware/drivers/mss_nvm/mss_nvm.o  ./firmware/drivers/mss_hpdma/mss_hpdma.o  ./firmware/drivers/mss_gpio/mss_gpio.o  ./firmware/CMSIS/startup_gcc/newlib_stubs.o ./firmware/CMSIS/startup_gcc/startup_m2sxxx.o  ./firmware/CMSIS/system_m2sxxx.o  ./main.o   
Finished building target: test_software.elf
 
Invoking: Cross ARM GNU Create Flash Image
arm-none-eabi-objcopy -O ihex "test_software.elf"  "test_software.hex"
Finished building: test_software.hex
 
Invoking: Cross ARM GNU Create Listing
arm-none-eabi-objdump --source --all-headers --demangle --line-numbers --wide "test_software.elf" > "test_software.lst"
Finished building: test_software.lst
 
Invoking: Cross ARM GNU Print Size
arm-none-eabi-size --format=berkeley "test_software.elf"
   text	   data	    bss	    dec	    hex	filename
   4624	     16	  60896	  65536	  10000	test_software.elf
Finished building: test_software.siz
 

11:34:17 Build Finished (took 2s.636ms)

