------------------------------------------------------------
Timing Analyzer Summary
------------------------------------------------------------

Type  : Slow 1100mV 85C Model Setup 'clk'
Slack : -3.675
TNS   : -134813.217

Type  : Slow 1100mV 85C Model Hold 'clk'
Slack : 0.238
TNS   : 0.000

Type  : Slow 1100mV 85C Model Minimum Pulse Width 'clk'
Slack : -0.394
TNS   : -30233.546

Type  : Slow 1100mV 0C Model Setup 'clk'
Slack : -3.483
TNS   : -128058.652

Type  : Slow 1100mV 0C Model Hold 'clk'
Slack : 0.217
TNS   : 0.000

Type  : Slow 1100mV 0C Model Minimum Pulse Width 'clk'
Slack : -0.394
TNS   : -32938.412

Type  : Fast 1100mV 85C Model Setup 'clk'
Slack : -1.881
TNS   : -52926.778

Type  : Fast 1100mV 85C Model Hold 'clk'
Slack : 0.141
TNS   : 0.000

Type  : Fast 1100mV 85C Model Minimum Pulse Width 'clk'
Slack : -0.084
TNS   : -4259.452

Type  : Fast 1100mV 0C Model Setup 'clk'
Slack : -1.585
TNS   : -43117.697

Type  : Fast 1100mV 0C Model Hold 'clk'
Slack : 0.114
TNS   : 0.000

Type  : Fast 1100mV 0C Model Minimum Pulse Width 'clk'
Slack : -0.084
TNS   : -4365.120

------------------------------------------------------------
