------------------------------------------------------------
Timing Analyzer Summary
------------------------------------------------------------

Type  : Slow 1100mV 85C Model Setup 'clk'
Slack : 3.251
TNS   : 0.000

Type  : Slow 1100mV 85C Model Hold 'clk'
Slack : 0.273
TNS   : 0.000

Type  : Slow 1100mV 85C Model Minimum Pulse Width 'clk'
Slack : 4.364
TNS   : 0.000

Type  : Slow 1100mV 0C Model Setup 'clk'
Slack : 3.503
TNS   : 0.000

Type  : Slow 1100mV 0C Model Hold 'clk'
Slack : 0.278
TNS   : 0.000

Type  : Slow 1100mV 0C Model Minimum Pulse Width 'clk'
Slack : 4.284
TNS   : 0.000

Type  : Fast 1100mV 85C Model Setup 'clk'
Slack : 5.626
TNS   : 0.000

Type  : Fast 1100mV 85C Model Hold 'clk'
Slack : 0.137
TNS   : 0.000

Type  : Fast 1100mV 85C Model Minimum Pulse Width 'clk'
Slack : 4.416
TNS   : 0.000

Type  : Fast 1100mV 0C Model Setup 'clk'
Slack : 6.113
TNS   : 0.000

Type  : Fast 1100mV 0C Model Hold 'clk'
Slack : 0.123
TNS   : 0.000

Type  : Fast 1100mV 0C Model Minimum Pulse Width 'clk'
Slack : 4.416
TNS   : 0.000

------------------------------------------------------------
