
Copyright (C) 1994-2020 Synopsys, Inc.
This Synopsys software and all associated documentation are proprietary to Synopsys, Inc.
and may only be used pursuant to the terms and conditions of a written license agreement
with Synopsys, Inc. All other use, reproduction, modification, or distribution of the
Synopsys software or the associated documentation is strictly prohibited.
Tool: Synplify Pro (R)
Build: Q-2020.03M-SP1
Install: D:\Microsemi\Libero_SoC_v12.6\SynplifyPro
OS: Windows 6.2

Hostname: STARGATE-COMMAN

Implementation : synthesis
Synopsys HDL compiler and linker, Version comp202003synp2, Build 170R, Built Oct 21 2020 10:52:30, @

Modified Files: 1
FID:  path (prevtimestamp, timestamp)
13       X:\Graduate\ECEN5863\ProgrammableLogicProjects\Project2\Module3\Libero\P2M3\hdl\NBitCounterChain.v (2023-10-29 14:45:08, 2023-10-29 14:46:22)

*******************************************************************
Modules that may have changed as a result of file changes: 2
MID:  lib.cell.view
0        work.NBitCounter.verilog may have changed because the following files changed:
                        X:\Graduate\ECEN5863\ProgrammableLogicProjects\Project2\Module3\Libero\P2M3\hdl\NBitCounterChain.v (2023-10-29 14:45:08, 2023-10-29 14:46:22) <-- (may instantiate this module)
2        work.NBitCounterChain.verilog may have changed because the following files changed:
                        X:\Graduate\ECEN5863\ProgrammableLogicProjects\Project2\Module3\Libero\P2M3\hdl\NBitCounterChain.v (2023-10-29 14:45:08, 2023-10-29 14:46:22) <-- (module definition)

*******************************************************************
Unmodified files: 6
FID:  path (timestamp)
7        D:\Microsemi\Libero_SoC_v12.6\SynplifyPro\lib\generic\smartfusion2.v (2020-11-03 00:58:10)
8        D:\Microsemi\Libero_SoC_v12.6\SynplifyPro\lib\vlog\hypermods.v (2020-11-03 00:58:13)
9        D:\Microsemi\Libero_SoC_v12.6\SynplifyPro\lib\vlog\scemi_objects.v (2020-11-03 00:58:13)
10       D:\Microsemi\Libero_SoC_v12.6\SynplifyPro\lib\vlog\scemi_pipes.svh (2020-11-03 00:58:13)
11       D:\Microsemi\Libero_SoC_v12.6\SynplifyPro\lib\vlog\umr_capim.v (2020-11-03 00:58:13)
12       X:\Graduate\ECEN5863\ProgrammableLogicProjects\Project2\Module3\Libero\P2M3\hdl\NBitCounter.v (2023-10-29 14:16:41)

*******************************************************************
Unchanged modules: 0
MID:  lib.cell.view
