Resource Report
Microsemi Corporation - Microsemi Libero Software Release v12.6 (Version 12.900.20.24)
Date: Sun Oct 29 15:21:40 2023

Device Selection
+--------------------------------+----------------+
| Family                         | SmartFusion2   |
| Device                         | M2S010         |
| Package                        | 144 TQ         |
| Speed Grade                    | STD            |
| Temp                           | 0:25:85        |
| Voltage                        | 1.26:1.20:1.14 |
| Core Voltage                   | 1.2V           |
| Ramp Rate                      | 100ms Minimum  |
| System Controller Suspend Mode | No             |
| PLL Supply Voltage             | 2.5V           |
| Default I/O technology         | LVCMOS 2.5V    |
| Restrict Probe Pins            | Yes            |
| Restrict SPI Pins              | No             |
+--------------------------------+----------------+

Source Files
+---------+-------------------------------------------------------------------+
| Topcell | NBitCounterChain                                                  |
| Format  | Verilog                                                           |
| Source  | C:\Microsemi_Prj\Project2\P2M3\P2M3\synthesis\NBitCounterChain.vm |
+---------+-------------------------------------------------------------------+

Options
+----------------------------------------------------+-------+
| Enable Single Event Transient mitigation           | false |
| Enable Design Separation Methodology               | false |
| Limit the number of high fanout nets to display to | 10    |
+----------------------------------------------------+-------+

Resource Usage
+---------------------------+------+-------+------------+
| Type                      | Used | Total | Percentage |
+---------------------------+------+-------+------------+
| 4LUT                      | 7255 | 12084 | 60.04      |
| DFF                       | 5280 | 12084 | 43.69      |
| I/O Register              | 0    | 252   | 0.00       |
| User I/O                  | 18   | 84    | 21.43      |
| -- Single-ended I/O       | 18   | 84    | 21.43      |
| -- Differential I/O Pairs | 0    | 37    | 0.00       |
| RAM64x18                  | 0    | 22    | 0.00       |
| RAM1K18                   | 0    | 21    | 0.00       |
| MACC                      | 0    | 22    | 0.00       |
| Chip Globals              | 2    | 8     | 25.00      |
| CCC                       | 0    | 2     | 0.00       |
| RCOSC_25_50MHZ            | 0    | 1     | 0.00       |
| RCOSC_1MHZ                | 0    | 1     | 0.00       |
| XTLOSC                    | 0    | 1     | 0.00       |
| MSS                       | 0    | 1     | 0.00       |
+---------------------------+------+-------+------------+

Detailed Logic Resource Usage
+--------------------------+------+------+
| Type                     | 4LUT | DFF  |
+--------------------------+------+------+
| Fabric Logic             | 7255 | 5280 |
| RAM64x18 Interface Logic | 0    | 0    |
| RAM1K18 Interface Logic  | 0    | 0    |
| MACC Interface Logic     | 0    | 0    |
| Total Used               | 7255 | 5280 |
+--------------------------+------+------+

Detailed Carry Chains Resource Usage
+--------+------+
| Length | Used |
| 16     | 330  |
| Total  | 330  |
+--------+------+

I/O Function
+-------------------------------+--------------+-------------+-----------------+
| Type                          | w/o register | w/ register | w/ DDR register |
+-------------------------------+--------------+-------------+-----------------+
| Input I/O                     | 2            | 0           | 0               |
| Output I/O                    | 16           | 0           | 0               |
| Bidirectional I/O             | 0            | 0           | 0               |
| Differential Input I/O Pairs  | 0            | 0           | 0               |
| Differential Output I/O Pairs | 0            | 0           | 0               |
+-------------------------------+--------------+-------------+-----------------+

I/O Technology
+--------------+--------+------+-------+--------+---------------+
| I/O Standard | Vddi   | Vref | Input | Output | Bidirectional |
+--------------+--------+------+-------+--------+---------------+
| LVCMOS25     |  2.50v |  N/A |  2    |  16    |  0            |
+--------------+--------+------+-------+--------+---------------+

Nets assigned to chip global resources
+--------+---------+------------------------------------+
| Fanout | Type    | Name                               |
+--------+---------+------------------------------------+
| 5280   | INT_NET | Net   : clk_c                      |
|        |         | Driver: clk_ibuf_RNIVTI2/U0_RGB1   |
|        |         | Source: NETLIST                    |
| 5280   | INT_NET | Net   : reset_c                    |
|        |         | Driver: reset_ibuf_RNI8255/U0_RGB1 |
|        |         | Source: NETLIST                    |
+--------+---------+------------------------------------+

Nets assigned to row global resources
+--------+------+------+
| Fanout | Type | Name |
+--------+------+------+
+--------+------+------+

High fanout nets
+--------+---------+------------------------------------------------+
| Fanout | Type    | Name                                           |
+--------+---------+------------------------------------------------+
| 16     | INT_NET | Net   : terminalCounts[203]                    |
|        |         | Driver: genCounters[203].counter/terminalCount |
| 16     | INT_NET | Net   : terminalCounts[41]                     |
|        |         | Driver: genCounters[41].counter/terminalCount  |
| 16     | INT_NET | Net   : terminalCounts[83]                     |
|        |         | Driver: genCounters[83].counter/terminalCount  |
| 16     | INT_NET | Net   : terminalCounts[163]                    |
|        |         | Driver: genCounters[163].counter/terminalCount |
| 16     | INT_NET | Net   : terminalCounts[327]                    |
|        |         | Driver: genCounters[327].counter/terminalCount |
| 16     | INT_NET | Net   : terminalCounts[246]                    |
|        |         | Driver: genCounters[246].counter/terminalCount |
| 16     | INT_NET | Net   : terminalCounts[286]                    |
|        |         | Driver: genCounters[286].counter/terminalCount |
| 16     | INT_NET | Net   : terminalCounts[326]                    |
|        |         | Driver: genCounters[326].counter/terminalCount |
| 16     | INT_NET | Net   : terminalCounts[245]                    |
|        |         | Driver: genCounters[245].counter/terminalCount |
| 16     | INT_NET | Net   : terminalCounts[285]                    |
|        |         | Driver: genCounters[285].counter/terminalCount |
+--------+---------+------------------------------------------------+

High fanout nets (through buffer trees)
+--------+---------+------------------------------------------------+
| Fanout | Type    | Name                                           |
+--------+---------+------------------------------------------------+
| 16     | INT_NET | Net   : terminalCounts[203]                    |
|        |         | Driver: genCounters[203].counter/terminalCount |
| 16     | INT_NET | Net   : terminalCounts[41]                     |
|        |         | Driver: genCounters[41].counter/terminalCount  |
| 16     | INT_NET | Net   : terminalCounts[83]                     |
|        |         | Driver: genCounters[83].counter/terminalCount  |
| 16     | INT_NET | Net   : terminalCounts[163]                    |
|        |         | Driver: genCounters[163].counter/terminalCount |
| 16     | INT_NET | Net   : terminalCounts[327]                    |
|        |         | Driver: genCounters[327].counter/terminalCount |
| 16     | INT_NET | Net   : terminalCounts[246]                    |
|        |         | Driver: genCounters[246].counter/terminalCount |
| 16     | INT_NET | Net   : terminalCounts[286]                    |
|        |         | Driver: genCounters[286].counter/terminalCount |
| 16     | INT_NET | Net   : terminalCounts[326]                    |
|        |         | Driver: genCounters[326].counter/terminalCount |
| 16     | INT_NET | Net   : terminalCounts[245]                    |
|        |         | Driver: genCounters[245].counter/terminalCount |
| 16     | INT_NET | Net   : terminalCounts[285]                    |
|        |         | Driver: genCounters[285].counter/terminalCount |
+--------+---------+------------------------------------------------+

