Resource Report
Microsemi Corporation - Microsemi Libero Software Release v12.6 (Version 12.900.20.24)
Date: Sun Oct 29 14:46:50 2023

Device Selection
+--------------------------------+----------------+
| Family                         | SmartFusion2   |
| Device                         | M2S010         |
| Package                        | 144 TQ         |
| Speed Grade                    | STD            |
| Temp                           | 0:25:85        |
| Voltage                        | 1.26:1.20:1.14 |
| Core Voltage                   | 1.2V           |
| Ramp Rate                      | 100ms Minimum  |
| System Controller Suspend Mode | No             |
| PLL Supply Voltage             | 2.5V           |
| Default I/O technology         | LVCMOS 2.5V    |
| Restrict Probe Pins            | Yes            |
| Restrict SPI Pins              | No             |
+--------------------------------+----------------+

Source Files
+---------+-----------------------------------------------------------------------------------------------------------+
| Topcell | NBitCounterChain                                                                                          |
| Format  | Verilog                                                                                                   |
| Source  | X:\Graduate\ECEN5863\ProgrammableLogicProjects\Project2\Module3\Libero\P2M3\synthesis\NBitCounterChain.vm |
+---------+-----------------------------------------------------------------------------------------------------------+

Options
+----------------------------------------------------+-------+
| Enable Single Event Transient mitigation           | false |
| Enable Design Separation Methodology               | false |
| Limit the number of high fanout nets to display to | 10    |
+----------------------------------------------------+-------+

Resource Usage
+---------------------------+------+-------+------------+
| Type                      | Used | Total | Percentage |
+---------------------------+------+-------+------------+
| 4LUT                      | 8597 | 12084 | 71.14      |
| DFF                       | 6256 | 12084 | 51.77      |
| I/O Register              | 0    | 252   | 0.00       |
| User I/O                  | 18   | 84    | 21.43      |
| -- Single-ended I/O       | 18   | 84    | 21.43      |
| -- Differential I/O Pairs | 0    | 37    | 0.00       |
| RAM64x18                  | 0    | 22    | 0.00       |
| RAM1K18                   | 0    | 21    | 0.00       |
| MACC                      | 0    | 22    | 0.00       |
| Chip Globals              | 2    | 8     | 25.00      |
| CCC                       | 0    | 2     | 0.00       |
| RCOSC_25_50MHZ            | 0    | 1     | 0.00       |
| RCOSC_1MHZ                | 0    | 1     | 0.00       |
| XTLOSC                    | 0    | 1     | 0.00       |
| MSS                       | 0    | 1     | 0.00       |
+---------------------------+------+-------+------------+

Detailed Logic Resource Usage
+--------------------------+------+------+
| Type                     | 4LUT | DFF  |
+--------------------------+------+------+
| Fabric Logic             | 8597 | 6256 |
| RAM64x18 Interface Logic | 0    | 0    |
| RAM1K18 Interface Logic  | 0    | 0    |
| MACC Interface Logic     | 0    | 0    |
| Total Used               | 8597 | 6256 |
+--------------------------+------+------+

Detailed Carry Chains Resource Usage
+--------+------+
| Length | Used |
| 16     | 391  |
| Total  | 391  |
+--------+------+

I/O Function
+-------------------------------+--------------+-------------+-----------------+
| Type                          | w/o register | w/ register | w/ DDR register |
+-------------------------------+--------------+-------------+-----------------+
| Input I/O                     | 2            | 0           | 0               |
| Output I/O                    | 16           | 0           | 0               |
| Bidirectional I/O             | 0            | 0           | 0               |
| Differential Input I/O Pairs  | 0            | 0           | 0               |
| Differential Output I/O Pairs | 0            | 0           | 0               |
+-------------------------------+--------------+-------------+-----------------+

I/O Technology
+--------------+--------+------+-------+--------+---------------+
| I/O Standard | Vddi   | Vref | Input | Output | Bidirectional |
+--------------+--------+------+-------+--------+---------------+
| LVCMOS25     |  2.50v |  N/A |  2    |  16    |  0            |
+--------------+--------+------+-------+--------+---------------+

Nets assigned to chip global resources
+--------+---------+------------------------------------+
| Fanout | Type    | Name                               |
+--------+---------+------------------------------------+
| 6256   | INT_NET | Net   : reset_c                    |
|        |         | Driver: reset_ibuf_RNI8255/U0_RGB1 |
|        |         | Source: NETLIST                    |
| 6256   | INT_NET | Net   : NN_1                       |
|        |         | Driver: clk_keep_RNIUPR4/U0_RGB1   |
|        |         | Source: NETLIST                    |
+--------+---------+------------------------------------+

Nets assigned to row global resources
+--------+------+------+
| Fanout | Type | Name |
+--------+------+------+
+--------+------+------+

High fanout nets
+--------+---------+------------------------------------------------+
| Fanout | Type    | Name                                           |
+--------+---------+------------------------------------------------+
| 16     | INT_NET | Net   : terminalCounts[256]                    |
|        |         | Driver: genCounters[256].counter/terminalCount |
| 16     | INT_NET | Net   : terminalCounts[128]                    |
|        |         | Driver: genCounters[128].counter/terminalCount |
| 16     | INT_NET | Net   : terminalCounts[249]                    |
|        |         | Driver: genCounters[249].counter/terminalCount |
| 16     | INT_NET | Net   : terminalCounts[13]                     |
|        |         | Driver: genCounters[13].counter/terminalCount  |
| 16     | INT_NET | Net   : terminalCounts[251]                    |
|        |         | Driver: genCounters[251].counter/terminalCount |
| 16     | INT_NET | Net   : terminalCounts[248]                    |
|        |         | Driver: genCounters[248].counter/terminalCount |
| 16     | INT_NET | Net   : terminalCounts[5]                      |
|        |         | Driver: genCounters[5].counter/terminalCount   |
| 16     | INT_NET | Net   : terminalCounts[246]                    |
|        |         | Driver: genCounters[246].counter/terminalCount |
| 16     | INT_NET | Net   : terminalCounts[3]                      |
|        |         | Driver: genCounters[3].counter/terminalCount   |
| 16     | INT_NET | Net   : terminalCounts[124]                    |
|        |         | Driver: genCounters[124].counter/terminalCount |
+--------+---------+------------------------------------------------+

High fanout nets (through buffer trees)
+--------+---------+------------------------------------------------+
| Fanout | Type    | Name                                           |
+--------+---------+------------------------------------------------+
| 16     | INT_NET | Net   : terminalCounts[256]                    |
|        |         | Driver: genCounters[256].counter/terminalCount |
| 16     | INT_NET | Net   : terminalCounts[128]                    |
|        |         | Driver: genCounters[128].counter/terminalCount |
| 16     | INT_NET | Net   : terminalCounts[249]                    |
|        |         | Driver: genCounters[249].counter/terminalCount |
| 16     | INT_NET | Net   : terminalCounts[13]                     |
|        |         | Driver: genCounters[13].counter/terminalCount  |
| 16     | INT_NET | Net   : terminalCounts[251]                    |
|        |         | Driver: genCounters[251].counter/terminalCount |
| 16     | INT_NET | Net   : terminalCounts[248]                    |
|        |         | Driver: genCounters[248].counter/terminalCount |
| 16     | INT_NET | Net   : terminalCounts[5]                      |
|        |         | Driver: genCounters[5].counter/terminalCount   |
| 16     | INT_NET | Net   : terminalCounts[246]                    |
|        |         | Driver: genCounters[246].counter/terminalCount |
| 16     | INT_NET | Net   : terminalCounts[3]                      |
|        |         | Driver: genCounters[3].counter/terminalCount   |
| 16     | INT_NET | Net   : terminalCounts[124]                    |
|        |         | Driver: genCounters[124].counter/terminalCount |
+--------+---------+------------------------------------------------+

