Archive member included to satisfy reference by file (symbol)

d:/microsemi/softconsole_v5.1/arm-none-eabi-gcc/bin/../lib/gcc/arm-none-eabi/6.3.1/../../../../arm-none-eabi/lib/thumb/v7-m\libg_nano.a(lib_a-errno.o)
                              ./firmware/CMSIS/startup_gcc/newlib_stubs.o (__errno)
d:/microsemi/softconsole_v5.1/arm-none-eabi-gcc/bin/../lib/gcc/arm-none-eabi/6.3.1/../../../../arm-none-eabi/lib/thumb/v7-m\libg_nano.a(lib_a-exit.o)
                              d:/microsemi/softconsole_v5.1/arm-none-eabi-gcc/bin/../lib/gcc/arm-none-eabi/6.3.1/../../../../arm-none-eabi/lib/thumb/v7-m/crt0.o (exit)
d:/microsemi/softconsole_v5.1/arm-none-eabi-gcc/bin/../lib/gcc/arm-none-eabi/6.3.1/../../../../arm-none-eabi/lib/thumb/v7-m\libg_nano.a(lib_a-impure.o)
                              d:/microsemi/softconsole_v5.1/arm-none-eabi-gcc/bin/../lib/gcc/arm-none-eabi/6.3.1/../../../../arm-none-eabi/lib/thumb/v7-m\libg_nano.a(lib_a-exit.o) (_global_impure_ptr)
d:/microsemi/softconsole_v5.1/arm-none-eabi-gcc/bin/../lib/gcc/arm-none-eabi/6.3.1/../../../../arm-none-eabi/lib/thumb/v7-m\libg_nano.a(lib_a-init.o)
                              d:/microsemi/softconsole_v5.1/arm-none-eabi-gcc/bin/../lib/gcc/arm-none-eabi/6.3.1/../../../../arm-none-eabi/lib/thumb/v7-m/crt0.o (__libc_init_array)
d:/microsemi/softconsole_v5.1/arm-none-eabi-gcc/bin/../lib/gcc/arm-none-eabi/6.3.1/../../../../arm-none-eabi/lib/thumb/v7-m\libg_nano.a(lib_a-memcpy-stub.o)
                              ./firmware/drivers/mss_sys_services/mss_sys_services.o (memcpy)
d:/microsemi/softconsole_v5.1/arm-none-eabi-gcc/bin/../lib/gcc/arm-none-eabi/6.3.1/../../../../arm-none-eabi/lib/thumb/v7-m\libg_nano.a(lib_a-memset.o)
                              d:/microsemi/softconsole_v5.1/arm-none-eabi-gcc/bin/../lib/gcc/arm-none-eabi/6.3.1/../../../../arm-none-eabi/lib/thumb/v7-m/crt0.o (memset)

Discarded input sections

 .text          0x00000000        0x0 d:/microsemi/softconsole_v5.1/arm-none-eabi-gcc/bin/../lib/gcc/arm-none-eabi/6.3.1/thumb/v7-m/crti.o
 .data          0x00000000        0x0 d:/microsemi/softconsole_v5.1/arm-none-eabi-gcc/bin/../lib/gcc/arm-none-eabi/6.3.1/thumb/v7-m/crti.o
 .bss           0x00000000        0x0 d:/microsemi/softconsole_v5.1/arm-none-eabi-gcc/bin/../lib/gcc/arm-none-eabi/6.3.1/thumb/v7-m/crti.o
 .data          0x00000000        0x4 d:/microsemi/softconsole_v5.1/arm-none-eabi-gcc/bin/../lib/gcc/arm-none-eabi/6.3.1/thumb/v7-m/crtbegin.o
 .text          0x00000000       0x74 d:/microsemi/softconsole_v5.1/arm-none-eabi-gcc/bin/../lib/gcc/arm-none-eabi/6.3.1/../../../../arm-none-eabi/lib/thumb/v7-m/crt0.o
 .data          0x00000000        0x0 d:/microsemi/softconsole_v5.1/arm-none-eabi-gcc/bin/../lib/gcc/arm-none-eabi/6.3.1/../../../../arm-none-eabi/lib/thumb/v7-m/crt0.o
 .bss           0x00000000        0x0 d:/microsemi/softconsole_v5.1/arm-none-eabi-gcc/bin/../lib/gcc/arm-none-eabi/6.3.1/../../../../arm-none-eabi/lib/thumb/v7-m/crt0.o
 .ARM.extab     0x00000000        0x0 d:/microsemi/softconsole_v5.1/arm-none-eabi-gcc/bin/../lib/gcc/arm-none-eabi/6.3.1/../../../../arm-none-eabi/lib/thumb/v7-m/crt0.o
 .ARM.exidx     0x00000000        0x8 d:/microsemi/softconsole_v5.1/arm-none-eabi-gcc/bin/../lib/gcc/arm-none-eabi/6.3.1/../../../../arm-none-eabi/lib/thumb/v7-m/crt0.o
 .text          0x00000000        0xe ./firmware/hal/CortexM3/GNU/hal.o
 .data          0x00000000        0x0 ./firmware/hal/CortexM3/GNU/hal.o
 .bss           0x00000000        0x0 ./firmware/hal/CortexM3/GNU/hal.o
 .text          0x00000000       0x90 ./firmware/hal/CortexM3/GNU/hw_reg_access.o
 .data          0x00000000        0x0 ./firmware/hal/CortexM3/GNU/hw_reg_access.o
 .bss           0x00000000        0x0 ./firmware/hal/CortexM3/GNU/hw_reg_access.o
 .group         0x00000000        0x8 ./firmware/hal/CortexM3/cortex_nvic.o
 .group         0x00000000        0x8 ./firmware/hal/CortexM3/cortex_nvic.o
 .group         0x00000000        0x8 ./firmware/hal/CortexM3/cortex_nvic.o
 .group         0x00000000        0x8 ./firmware/hal/CortexM3/cortex_nvic.o
 .group         0x00000000        0x8 ./firmware/hal/CortexM3/cortex_nvic.o
 .group         0x00000000        0x8 ./firmware/hal/CortexM3/cortex_nvic.o
 .group         0x00000000        0x8 ./firmware/hal/CortexM3/cortex_nvic.o
 .group         0x00000000        0x8 ./firmware/hal/CortexM3/cortex_nvic.o
 .group         0x00000000        0x8 ./firmware/hal/CortexM3/cortex_nvic.o
 .group         0x00000000        0x8 ./firmware/hal/CortexM3/cortex_nvic.o
 .group         0x00000000        0x8 ./firmware/hal/CortexM3/cortex_nvic.o
 .text          0x00000000        0x0 ./firmware/hal/CortexM3/cortex_nvic.o
 .data          0x00000000        0x0 ./firmware/hal/CortexM3/cortex_nvic.o
 .bss           0x00000000        0x0 ./firmware/hal/CortexM3/cortex_nvic.o
 .text.NVIC_init
                0x00000000        0xe ./firmware/hal/CortexM3/cortex_nvic.o
 .text.NVIC_set_handler
                0x00000000       0x16 ./firmware/hal/CortexM3/cortex_nvic.o
 .text.NVIC_set_priority
                0x00000000       0x18 ./firmware/hal/CortexM3/cortex_nvic.o
 .text.NVIC_enable_interrupt
                0x00000000       0x14 ./firmware/hal/CortexM3/cortex_nvic.o
 .text.NVIC_disable_interrupt
                0x00000000       0x14 ./firmware/hal/CortexM3/cortex_nvic.o
 .text.NVIC_clear_interrupt
                0x00000000       0x14 ./firmware/hal/CortexM3/cortex_nvic.o
 .group         0x00000000        0x8 ./firmware/drivers_config/sys_config/sys_config.o
 .group         0x00000000        0x8 ./firmware/drivers_config/sys_config/sys_config.o
 .group         0x00000000        0x8 ./firmware/drivers_config/sys_config/sys_config.o
 .group         0x00000000        0x8 ./firmware/drivers_config/sys_config/sys_config.o
 .group         0x00000000        0x8 ./firmware/drivers_config/sys_config/sys_config.o
 .group         0x00000000        0x8 ./firmware/drivers_config/sys_config/sys_config.o
 .group         0x00000000        0x8 ./firmware/drivers_config/sys_config/sys_config.o
 .group         0x00000000        0x8 ./firmware/drivers_config/sys_config/sys_config.o
 .group         0x00000000        0x8 ./firmware/drivers_config/sys_config/sys_config.o
 .group         0x00000000        0x8 ./firmware/drivers_config/sys_config/sys_config.o
 .group         0x00000000        0x8 ./firmware/drivers_config/sys_config/sys_config.o
 .group         0x00000000        0x8 ./firmware/drivers_config/sys_config/sys_config.o
 .group         0x00000000        0x8 ./firmware/drivers_config/sys_config/sys_config.o
 .group         0x00000000        0x8 ./firmware/drivers_config/sys_config/sys_config.o
 .text          0x00000000        0x0 ./firmware/drivers_config/sys_config/sys_config.o
 .data          0x00000000        0x0 ./firmware/drivers_config/sys_config/sys_config.o
 .bss           0x00000000        0x0 ./firmware/drivers_config/sys_config/sys_config.o
 .debug_macro   0x00000000      0x898 ./firmware/drivers_config/sys_config/sys_config.o
 .debug_macro   0x00000000       0x22 ./firmware/drivers_config/sys_config/sys_config.o
 .debug_macro   0x00000000       0x87 ./firmware/drivers_config/sys_config/sys_config.o
 .debug_macro   0x00000000       0x51 ./firmware/drivers_config/sys_config/sys_config.o
 .debug_macro   0x00000000       0xef ./firmware/drivers_config/sys_config/sys_config.o
 .debug_macro   0x00000000       0x6a ./firmware/drivers_config/sys_config/sys_config.o
 .debug_macro   0x00000000      0x1df ./firmware/drivers_config/sys_config/sys_config.o
 .group         0x00000000        0x8 ./firmware/drivers/mss_sys_services/mss_comblk.o
 .group         0x00000000        0x8 ./firmware/drivers/mss_sys_services/mss_comblk.o
 .group         0x00000000        0x8 ./firmware/drivers/mss_sys_services/mss_comblk.o
 .group         0x00000000        0x8 ./firmware/drivers/mss_sys_services/mss_comblk.o
 .group         0x00000000        0x8 ./firmware/drivers/mss_sys_services/mss_comblk.o
 .group         0x00000000        0x8 ./firmware/drivers/mss_sys_services/mss_comblk.o
 .group         0x00000000        0x8 ./firmware/drivers/mss_sys_services/mss_comblk.o
 .group         0x00000000        0x8 ./firmware/drivers/mss_sys_services/mss_comblk.o
 .group         0x00000000        0x8 ./firmware/drivers/mss_sys_services/mss_comblk.o
 .group         0x00000000        0x8 ./firmware/drivers/mss_sys_services/mss_comblk.o
 .group         0x00000000        0x8 ./firmware/drivers/mss_sys_services/mss_comblk.o
 .group         0x00000000        0x8 ./firmware/drivers/mss_sys_services/mss_comblk.o
 .group         0x00000000        0x8 ./firmware/drivers/mss_sys_services/mss_comblk.o
 .group         0x00000000        0x8 ./firmware/drivers/mss_sys_services/mss_comblk.o
 .group         0x00000000        0x8 ./firmware/drivers/mss_sys_services/mss_comblk.o
 .group         0x00000000        0x8 ./firmware/drivers/mss_sys_services/mss_comblk.o
 .text          0x00000000        0x0 ./firmware/drivers/mss_sys_services/mss_comblk.o
 .data          0x00000000        0x0 ./firmware/drivers/mss_sys_services/mss_comblk.o
 .bss           0x00000000        0x0 ./firmware/drivers/mss_sys_services/mss_comblk.o
 .text.NVIC_EnableIRQ
                0x00000000       0x30 ./firmware/drivers/mss_sys_services/mss_comblk.o
 .text.NVIC_DisableIRQ
                0x00000000       0x34 ./firmware/drivers/mss_sys_services/mss_comblk.o
 .text.NVIC_ClearPendingIRQ
                0x00000000       0x34 ./firmware/drivers/mss_sys_services/mss_comblk.o
 .text.MSS_COMBLK_init
                0x00000000       0xd8 ./firmware/drivers/mss_sys_services/mss_comblk.o
 .text.MSS_COMBLK_send_cmd_with_ptr
                0x00000000       0xfc ./firmware/drivers/mss_sys_services/mss_comblk.o
 .text.MSS_COMBLK_send_cmd
                0x00000000      0x130 ./firmware/drivers/mss_sys_services/mss_comblk.o
 .text.MSS_COMBLK_send_paged_cmd
                0x00000000      0x130 ./firmware/drivers/mss_sys_services/mss_comblk.o
 .text.send_cmd_opcode
                0x00000000       0x3c ./firmware/drivers/mss_sys_services/mss_comblk.o
 .debug_macro   0x00000000      0x898 ./firmware/drivers/mss_sys_services/mss_comblk.o
 .debug_macro   0x00000000       0x26 ./firmware/drivers/mss_sys_services/mss_comblk.o
 .debug_macro   0x00000000       0x22 ./firmware/drivers/mss_sys_services/mss_comblk.o
 .debug_macro   0x00000000       0x87 ./firmware/drivers/mss_sys_services/mss_comblk.o
 .debug_macro   0x00000000       0x51 ./firmware/drivers/mss_sys_services/mss_comblk.o
 .debug_macro   0x00000000       0xef ./firmware/drivers/mss_sys_services/mss_comblk.o
 .debug_macro   0x00000000       0x6a ./firmware/drivers/mss_sys_services/mss_comblk.o
 .debug_macro   0x00000000      0x1df ./firmware/drivers/mss_sys_services/mss_comblk.o
 .debug_macro   0x00000000       0x34 ./firmware/drivers/mss_sys_services/mss_comblk.o
 .debug_macro   0x00000000       0x34 ./firmware/drivers/mss_sys_services/mss_comblk.o
 .debug_macro   0x00000000      0xca6 ./firmware/drivers/mss_sys_services/mss_comblk.o
 .debug_macro   0x00000000      0x265 ./firmware/drivers/mss_sys_services/mss_comblk.o
 .debug_macro   0x00000000       0x58 ./firmware/drivers/mss_sys_services/mss_comblk.o
 .debug_macro   0x00000000       0x35 ./firmware/drivers/mss_sys_services/mss_comblk.o
 .debug_macro   0x00000000       0x9c ./firmware/drivers/mss_sys_services/mss_comblk.o
 .debug_macro   0x00000000       0x1c ./firmware/drivers/mss_sys_services/mss_comblk.o
 .group         0x00000000        0x8 ./firmware/drivers/mss_sys_services/mss_sys_services.o
 .group         0x00000000        0x8 ./firmware/drivers/mss_sys_services/mss_sys_services.o
 .group         0x00000000        0x8 ./firmware/drivers/mss_sys_services/mss_sys_services.o
 .group         0x00000000        0x8 ./firmware/drivers/mss_sys_services/mss_sys_services.o
 .group         0x00000000        0x8 ./firmware/drivers/mss_sys_services/mss_sys_services.o
 .group         0x00000000        0x8 ./firmware/drivers/mss_sys_services/mss_sys_services.o
 .group         0x00000000        0x8 ./firmware/drivers/mss_sys_services/mss_sys_services.o
 .group         0x00000000        0x8 ./firmware/drivers/mss_sys_services/mss_sys_services.o
 .group         0x00000000        0x8 ./firmware/drivers/mss_sys_services/mss_sys_services.o
 .group         0x00000000        0x8 ./firmware/drivers/mss_sys_services/mss_sys_services.o
 .group         0x00000000        0x8 ./firmware/drivers/mss_sys_services/mss_sys_services.o
 .group         0x00000000        0x8 ./firmware/drivers/mss_sys_services/mss_sys_services.o
 .group         0x00000000        0x8 ./firmware/drivers/mss_sys_services/mss_sys_services.o
 .group         0x00000000        0x8 ./firmware/drivers/mss_sys_services/mss_sys_services.o
 .group         0x00000000        0x8 ./firmware/drivers/mss_sys_services/mss_sys_services.o
 .group         0x00000000        0x8 ./firmware/drivers/mss_sys_services/mss_sys_services.o
 .group         0x00000000        0x8 ./firmware/drivers/mss_sys_services/mss_sys_services.o
 .group         0x00000000        0x8 ./firmware/drivers/mss_sys_services/mss_sys_services.o
 .group         0x00000000        0x8 ./firmware/drivers/mss_sys_services/mss_sys_services.o
 .group         0x00000000        0x8 ./firmware/drivers/mss_sys_services/mss_sys_services.o
 .group         0x00000000        0x8 ./firmware/drivers/mss_sys_services/mss_sys_services.o
 .group         0x00000000        0x8 ./firmware/drivers/mss_sys_services/mss_sys_services.o
 .group         0x00000000        0x8 ./firmware/drivers/mss_sys_services/mss_sys_services.o
 .group         0x00000000        0x8 ./firmware/drivers/mss_sys_services/mss_sys_services.o
 .group         0x00000000        0x8 ./firmware/drivers/mss_sys_services/mss_sys_services.o
 .group         0x00000000        0x8 ./firmware/drivers/mss_sys_services/mss_sys_services.o
 .text          0x00000000        0x0 ./firmware/drivers/mss_sys_services/mss_sys_services.o
 .data          0x00000000        0x0 ./firmware/drivers/mss_sys_services/mss_sys_services.o
 .bss           0x00000000        0x0 ./firmware/drivers/mss_sys_services/mss_sys_services.o
 .bss.g_request_in_progress
                0x00000000        0x1 ./firmware/drivers/mss_sys_services/mss_sys_services.o
 .bss.g_last_response_length
                0x00000000        0x2 ./firmware/drivers/mss_sys_services/mss_sys_services.o
 .bss.g_event_handler
                0x00000000        0x4 ./firmware/drivers/mss_sys_services/mss_sys_services.o
 .bss.g_response
                0x00000000        0x2 ./firmware/drivers/mss_sys_services/mss_sys_services.o
 .bss.g_initial_mssddr_facc1_cr
                0x00000000        0x4 ./firmware/drivers/mss_sys_services/mss_sys_services.o
 .text.MSS_SYS_init
                0x00000000       0x50 ./firmware/drivers/mss_sys_services/mss_sys_services.o
 .text.asynchronous_event_handler
                0x00000000       0xe4 ./firmware/drivers/mss_sys_services/mss_sys_services.o
 .text.MSS_SYS_get_serial_number
                0x00000000       0x24 ./firmware/drivers/mss_sys_services/mss_sys_services.o
 .text.MSS_SYS_get_user_code
                0x00000000       0x24 ./firmware/drivers/mss_sys_services/mss_sys_services.o
 .text.MSS_SYS_get_design_version
                0x00000000       0x24 ./firmware/drivers/mss_sys_services/mss_sys_services.o
 .text.MSS_SYS_get_device_certificate
                0x00000000       0x24 ./firmware/drivers/mss_sys_services/mss_sys_services.o
 .text.MSS_SYS_get_secondary_device_certificate
                0x00000000       0x70 ./firmware/drivers/mss_sys_services/mss_sys_services.o
 .data.div1_seq
                0x00000000        0x4 ./firmware/drivers/mss_sys_services/mss_sys_services.o
 .data.div2_seq
                0x00000000        0x3 ./firmware/drivers/mss_sys_services/mss_sys_services.o
 .data.div4_seq
                0x00000000        0x5 ./firmware/drivers/mss_sys_services/mss_sys_services.o
 .data.div8_seq
                0x00000000        0x3 ./firmware/drivers/mss_sys_services/mss_sys_services.o
 .data.div16_seq
                0x00000000        0x2 ./firmware/drivers/mss_sys_services/mss_sys_services.o
 .data.div32_seq
                0x00000000        0x2 ./firmware/drivers/mss_sys_services/mss_sys_services.o
 .bss.divisor   0x00000000       0x10 ./firmware/drivers/mss_sys_services/mss_sys_services.o
 .bss.ind       0x00000000        0x1 ./firmware/drivers/mss_sys_services/mss_sys_services.o
 .text.determine_seq
                0x00000000       0xac ./firmware/drivers/mss_sys_services/mss_sys_services.o
 .text.clk_switching_fix
                0x00000000      0x29c ./firmware/drivers/mss_sys_services/mss_sys_services.o
 .text.revert_clk_config
                0x00000000      0x1c0 ./firmware/drivers/mss_sys_services/mss_sys_services.o
 .text.MSS_SYS_flash_freeze
                0x00000000       0xbc ./firmware/drivers/mss_sys_services/mss_sys_services.o
 .text.MSS_SYS_128bit_aes
                0x00000000       0x92 ./firmware/drivers/mss_sys_services/mss_sys_services.o
 .text.MSS_SYS_256bit_aes
                0x00000000       0x92 ./firmware/drivers/mss_sys_services/mss_sys_services.o
 .text.MSS_SYS_sha256
                0x00000000       0x68 ./firmware/drivers/mss_sys_services/mss_sys_services.o
 .text.MSS_SYS_hmac
                0x00000000       0x80 ./firmware/drivers/mss_sys_services/mss_sys_services.o
 .text.MSS_SYS_key_tree
                0x00000000       0x6a ./firmware/drivers/mss_sys_services/mss_sys_services.o
 .text.MSS_SYS_challenge_response
                0x00000000       0x62 ./firmware/drivers/mss_sys_services/mss_sys_services.o
 .text.MSS_SYS_nrbg_reset
                0x00000000       0x60 ./firmware/drivers/mss_sys_services/mss_sys_services.o
 .text.MSS_SYS_nrbg_self_test
                0x00000000       0x54 ./firmware/drivers/mss_sys_services/mss_sys_services.o
 .text.MSS_SYS_nrbg_instantiate
                0x00000000       0x5a ./firmware/drivers/mss_sys_services/mss_sys_services.o
 .text.MSS_SYS_nrbg_generate
                0x00000000       0x68 ./firmware/drivers/mss_sys_services/mss_sys_services.o
 .text.MSS_SYS_nrbg_reseed
                0x00000000       0x44 ./firmware/drivers/mss_sys_services/mss_sys_services.o
 .text.MSS_SYS_nrbg_uninstantiate
                0x00000000       0x60 ./firmware/drivers/mss_sys_services/mss_sys_services.o
 .text.MSS_SYS_zeroize_device
                0x00000000       0x80 ./firmware/drivers/mss_sys_services/mss_sys_services.o
 .bss.g_isp_response
                0x00000000        0x2 ./firmware/drivers/mss_sys_services/mss_sys_services.o
 .bss.g_isp_completion_handler
                0x00000000        0x4 ./firmware/drivers/mss_sys_services/mss_sys_services.o
 .bss.g_isp_page_read_handler
                0x00000000        0x4 ./firmware/drivers/mss_sys_services/mss_sys_services.o
 .data.g_initial_envm_cr
                0x00000000        0x4 ./firmware/drivers/mss_sys_services/mss_sys_services.o
 .bss.g_initial_mssddr_facc2_cr
                0x00000000        0x4 ./firmware/drivers/mss_sys_services/mss_sys_services.o
 .bss.g_mode    0x00000000        0x1 ./firmware/drivers/mss_sys_services/mss_sys_services.o
 .data.wait_for_clock_switch
                0x00000000        0x1 ./firmware/drivers/mss_sys_services/mss_sys_services.o
 .text.isp_page_read_handler
                0x00000000       0x88 ./firmware/drivers/mss_sys_services/mss_sys_services.o
 .text.isp_sys_completion_handler
                0x00000000       0x58 ./firmware/drivers/mss_sys_services/mss_sys_services.o
 .text.MSS_SYS_start_isp
                0x00000000       0xf8 ./firmware/drivers/mss_sys_services/mss_sys_services.o
 .text.MSS_SYS_initiate_iap
                0x00000000      0x120 ./firmware/drivers/mss_sys_services/mss_sys_services.o
 .text.MSS_SYS_check_digest
                0x00000000       0xd0 ./firmware/drivers/mss_sys_services/mss_sys_services.o
 .text.MSS_SYS_puf_create_activation_code
                0x00000000       0x7c ./firmware/drivers/mss_sys_services/mss_sys_services.o
 .text.MSS_SYS_puf_delete_activation_code
                0x00000000       0x7c ./firmware/drivers/mss_sys_services/mss_sys_services.o
 .text.MSS_SYS_puf_get_number_of_keys
                0x00000000       0x94 ./firmware/drivers/mss_sys_services/mss_sys_services.o
 .text.MSS_SYS_puf_enroll_key
                0x00000000       0xc4 ./firmware/drivers/mss_sys_services/mss_sys_services.o
 .text.MSS_SYS_puf_delete_key
                0x00000000       0x88 ./firmware/drivers/mss_sys_services/mss_sys_services.o
 .text.MSS_SYS_puf_fetch_key
                0x00000000       0x9c ./firmware/drivers/mss_sys_services/mss_sys_services.o
 .text.MSS_SYS_puf_export_keycodes
                0x00000000       0x84 ./firmware/drivers/mss_sys_services/mss_sys_services.o
 .text.MSS_SYS_puf_import_keycodes
                0x00000000       0x84 ./firmware/drivers/mss_sys_services/mss_sys_services.o
 .text.MSS_SYS_puf_fetch_ecc_public_key
                0x00000000       0x80 ./firmware/drivers/mss_sys_services/mss_sys_services.o
 .text.MSS_SYS_puf_get_random_seed
                0x00000000       0x80 ./firmware/drivers/mss_sys_services/mss_sys_services.o
 .text.MSS_SYS_ecc_point_multiplication
                0x00000000       0xa4 ./firmware/drivers/mss_sys_services/mss_sys_services.o
 .text.MSS_SYS_ecc_point_addition
                0x00000000       0xa4 ./firmware/drivers/mss_sys_services/mss_sys_services.o
 .rodata        0x00000000       0x60 ./firmware/drivers/mss_sys_services/mss_sys_services.o
 .text.MSS_SYS_ecc_get_base_point
                0x00000000       0x34 ./firmware/drivers/mss_sys_services/mss_sys_services.o
 .text.MSS_SYS_start_clock_monitor
                0x00000000       0xa4 ./firmware/drivers/mss_sys_services/mss_sys_services.o
 .text.MSS_SYS_stop_clock_monitor
                0x00000000       0xa4 ./firmware/drivers/mss_sys_services/mss_sys_services.o
 .text.MSS_SYS_enable_puf_power_down
                0x00000000       0xa4 ./firmware/drivers/mss_sys_services/mss_sys_services.o
 .text.MSS_SYS_disable_puf_power_down
                0x00000000       0xa4 ./firmware/drivers/mss_sys_services/mss_sys_services.o
 .text.MSS_SYS_clear_lock_parity
                0x00000000       0xa4 ./firmware/drivers/mss_sys_services/mss_sys_services.o
 .text.MSS_SYS_clear_mesh_short
                0x00000000       0xa4 ./firmware/drivers/mss_sys_services/mss_sys_services.o
 .text.execute_service
                0x00000000       0x60 ./firmware/drivers/mss_sys_services/mss_sys_services.o
 .text.request_completion_handler
                0x00000000       0x2c ./firmware/drivers/mss_sys_services/mss_sys_services.o
 .text.signal_request_start
                0x00000000       0x2c ./firmware/drivers/mss_sys_services/mss_sys_services.o
 .text.wait_for_request_completion
                0x00000000       0x28 ./firmware/drivers/mss_sys_services/mss_sys_services.o
 .text.write_ptr_value_into_array
                0x00000000       0x52 ./firmware/drivers/mss_sys_services/mss_sys_services.o
 .text.write_array_into_ptr_value
                0x00000000       0x5c ./firmware/drivers/mss_sys_services/mss_sys_services.o
 .debug_macro   0x00000000      0x898 ./firmware/drivers/mss_sys_services/mss_sys_services.o
 .debug_macro   0x00000000       0x26 ./firmware/drivers/mss_sys_services/mss_sys_services.o
 .debug_macro   0x00000000       0x22 ./firmware/drivers/mss_sys_services/mss_sys_services.o
 .debug_macro   0x00000000       0x87 ./firmware/drivers/mss_sys_services/mss_sys_services.o
 .debug_macro   0x00000000       0x51 ./firmware/drivers/mss_sys_services/mss_sys_services.o
 .debug_macro   0x00000000       0xef ./firmware/drivers/mss_sys_services/mss_sys_services.o
 .debug_macro   0x00000000       0x6a ./firmware/drivers/mss_sys_services/mss_sys_services.o
 .debug_macro   0x00000000      0x1df ./firmware/drivers/mss_sys_services/mss_sys_services.o
 .debug_macro   0x00000000       0x34 ./firmware/drivers/mss_sys_services/mss_sys_services.o
 .debug_macro   0x00000000       0x34 ./firmware/drivers/mss_sys_services/mss_sys_services.o
 .debug_macro   0x00000000      0xca6 ./firmware/drivers/mss_sys_services/mss_sys_services.o
 .debug_macro   0x00000000      0x265 ./firmware/drivers/mss_sys_services/mss_sys_services.o
 .debug_macro   0x00000000       0x58 ./firmware/drivers/mss_sys_services/mss_sys_services.o
 .debug_macro   0x00000000       0x35 ./firmware/drivers/mss_sys_services/mss_sys_services.o
 .debug_macro   0x00000000       0x9c ./firmware/drivers/mss_sys_services/mss_sys_services.o
 .debug_macro   0x00000000       0x1c ./firmware/drivers/mss_sys_services/mss_sys_services.o
 .group         0x00000000        0x8 ./firmware/drivers/mss_nvm/mss_nvm.o
 .group         0x00000000        0x8 ./firmware/drivers/mss_nvm/mss_nvm.o
 .group         0x00000000        0x8 ./firmware/drivers/mss_nvm/mss_nvm.o
 .group         0x00000000        0x8 ./firmware/drivers/mss_nvm/mss_nvm.o
 .group         0x00000000        0x8 ./firmware/drivers/mss_nvm/mss_nvm.o
 .group         0x00000000        0x8 ./firmware/drivers/mss_nvm/mss_nvm.o
 .group         0x00000000        0x8 ./firmware/drivers/mss_nvm/mss_nvm.o
 .group         0x00000000        0x8 ./firmware/drivers/mss_nvm/mss_nvm.o
 .group         0x00000000        0x8 ./firmware/drivers/mss_nvm/mss_nvm.o
 .group         0x00000000        0x8 ./firmware/drivers/mss_nvm/mss_nvm.o
 .group         0x00000000        0x8 ./firmware/drivers/mss_nvm/mss_nvm.o
 .group         0x00000000        0x8 ./firmware/drivers/mss_nvm/mss_nvm.o
 .group         0x00000000        0x8 ./firmware/drivers/mss_nvm/mss_nvm.o
 .group         0x00000000        0x8 ./firmware/drivers/mss_nvm/mss_nvm.o
 .group         0x00000000        0x8 ./firmware/drivers/mss_nvm/mss_nvm.o
 .group         0x00000000        0x8 ./firmware/drivers/mss_nvm/mss_nvm.o
 .group         0x00000000        0x8 ./firmware/drivers/mss_nvm/mss_nvm.o
 .text          0x00000000        0x0 ./firmware/drivers/mss_nvm/mss_nvm.o
 .data          0x00000000        0x0 ./firmware/drivers/mss_nvm/mss_nvm.o
 .bss           0x00000000        0x0 ./firmware/drivers/mss_nvm/mss_nvm.o
 .rodata.g_nvm  0x00000000        0x8 ./firmware/drivers/mss_nvm/mss_nvm.o
 .rodata.g_nvm32
                0x00000000        0x8 ./firmware/drivers/mss_nvm/mss_nvm.o
 .bss.g_do_not_lock_page
                0x00000000        0x1 ./firmware/drivers/mss_nvm/mss_nvm.o
 .text.NVM_write
                0x00000000      0x1f0 ./firmware/drivers/mss_nvm/mss_nvm.o
 .text.get_error_code
                0x00000000       0x58 ./firmware/drivers/mss_nvm/mss_nvm.o
 .text.NVM_unlock
                0x00000000      0x1bc ./firmware/drivers/mss_nvm/mss_nvm.o
 .bss.g_envm_ctrl_locks
                0x00000000        0x1 ./firmware/drivers/mss_nvm/mss_nvm.o
 .text.request_nvm_access
                0x00000000       0x88 ./firmware/drivers/mss_nvm/mss_nvm.o
 .text.get_ctrl_access
                0x00000000       0x5e ./firmware/drivers/mss_nvm/mss_nvm.o
 .text.release_ctrl_access
                0x00000000       0x68 ./firmware/drivers/mss_nvm/mss_nvm.o
 .text.wait_nvm_ready
                0x00000000       0x48 ./firmware/drivers/mss_nvm/mss_nvm.o
 .text.write_nvm
                0x00000000      0x114 ./firmware/drivers/mss_nvm/mss_nvm.o
 .text.get_remaining_page_length
                0x00000000       0x3c ./firmware/drivers/mss_nvm/mss_nvm.o
 .text.fill_wd_buffer
                0x00000000      0x10c ./firmware/drivers/mss_nvm/mss_nvm.o
 .text.NVM_read_page_write_count
                0x00000000      0x100 ./firmware/drivers/mss_nvm/mss_nvm.o
 .text.check_protection_reserved_nvm
                0x00000000      0x4d0 ./firmware/drivers/mss_nvm/mss_nvm.o
 .text.protection_check
                0x00000000       0x2c ./firmware/drivers/mss_nvm/mss_nvm.o
 .debug_macro   0x00000000      0x898 ./firmware/drivers/mss_nvm/mss_nvm.o
 .debug_macro   0x00000000       0x26 ./firmware/drivers/mss_nvm/mss_nvm.o
 .debug_macro   0x00000000       0x22 ./firmware/drivers/mss_nvm/mss_nvm.o
 .debug_macro   0x00000000       0x87 ./firmware/drivers/mss_nvm/mss_nvm.o
 .debug_macro   0x00000000       0x51 ./firmware/drivers/mss_nvm/mss_nvm.o
 .debug_macro   0x00000000       0xef ./firmware/drivers/mss_nvm/mss_nvm.o
 .debug_macro   0x00000000       0x6a ./firmware/drivers/mss_nvm/mss_nvm.o
 .debug_macro   0x00000000      0x1df ./firmware/drivers/mss_nvm/mss_nvm.o
 .debug_macro   0x00000000       0x34 ./firmware/drivers/mss_nvm/mss_nvm.o
 .debug_macro   0x00000000       0x34 ./firmware/drivers/mss_nvm/mss_nvm.o
 .debug_macro   0x00000000      0xca6 ./firmware/drivers/mss_nvm/mss_nvm.o
 .debug_macro   0x00000000      0x265 ./firmware/drivers/mss_nvm/mss_nvm.o
 .debug_macro   0x00000000       0x58 ./firmware/drivers/mss_nvm/mss_nvm.o
 .debug_macro   0x00000000       0x35 ./firmware/drivers/mss_nvm/mss_nvm.o
 .debug_macro   0x00000000       0x9c ./firmware/drivers/mss_nvm/mss_nvm.o
 .debug_macro   0x00000000       0x1c ./firmware/drivers/mss_nvm/mss_nvm.o
 .group         0x00000000        0x8 ./firmware/drivers/mss_hpdma/mss_hpdma.o
 .group         0x00000000        0x8 ./firmware/drivers/mss_hpdma/mss_hpdma.o
 .group         0x00000000        0x8 ./firmware/drivers/mss_hpdma/mss_hpdma.o
 .group         0x00000000        0x8 ./firmware/drivers/mss_hpdma/mss_hpdma.o
 .group         0x00000000        0x8 ./firmware/drivers/mss_hpdma/mss_hpdma.o
 .group         0x00000000        0x8 ./firmware/drivers/mss_hpdma/mss_hpdma.o
 .group         0x00000000        0x8 ./firmware/drivers/mss_hpdma/mss_hpdma.o
 .group         0x00000000        0x8 ./firmware/drivers/mss_hpdma/mss_hpdma.o
 .group         0x00000000        0x8 ./firmware/drivers/mss_hpdma/mss_hpdma.o
 .group         0x00000000        0x8 ./firmware/drivers/mss_hpdma/mss_hpdma.o
 .group         0x00000000        0x8 ./firmware/drivers/mss_hpdma/mss_hpdma.o
 .group         0x00000000        0x8 ./firmware/drivers/mss_hpdma/mss_hpdma.o
 .group         0x00000000        0x8 ./firmware/drivers/mss_hpdma/mss_hpdma.o
 .group         0x00000000        0x8 ./firmware/drivers/mss_hpdma/mss_hpdma.o
 .group         0x00000000        0x8 ./firmware/drivers/mss_hpdma/mss_hpdma.o
 .group         0x00000000        0x8 ./firmware/drivers/mss_hpdma/mss_hpdma.o
 .group         0x00000000        0x8 ./firmware/drivers/mss_hpdma/mss_hpdma.o
 .text          0x00000000        0x0 ./firmware/drivers/mss_hpdma/mss_hpdma.o
 .data          0x00000000        0x0 ./firmware/drivers/mss_hpdma/mss_hpdma.o
 .bss           0x00000000        0x0 ./firmware/drivers/mss_hpdma/mss_hpdma.o
 .text.NVIC_EnableIRQ
                0x00000000       0x30 ./firmware/drivers/mss_hpdma/mss_hpdma.o
 .text.NVIC_DisableIRQ
                0x00000000       0x34 ./firmware/drivers/mss_hpdma/mss_hpdma.o
 .text.NVIC_ClearPendingIRQ
                0x00000000       0x34 ./firmware/drivers/mss_hpdma/mss_hpdma.o
 .text.MSS_HPDMA_init
                0x00000000       0xb8 ./firmware/drivers/mss_hpdma/mss_hpdma.o
 .text.MSS_HPDMA_start
                0x00000000       0xd4 ./firmware/drivers/mss_hpdma/mss_hpdma.o
 .text.MSS_HPDMA_pause
                0x00000000       0x2c ./firmware/drivers/mss_hpdma/mss_hpdma.o
 .text.MSS_HPDMA_resume
                0x00000000       0x2c ./firmware/drivers/mss_hpdma/mss_hpdma.o
 .text.MSS_HPDMA_abort
                0x00000000       0x48 ./firmware/drivers/mss_hpdma/mss_hpdma.o
 .text.MSS_HPDMA_get_transfer_status
                0x00000000       0x18 ./firmware/drivers/mss_hpdma/mss_hpdma.o
 .text.MSS_HPDMA_set_handler
                0x00000000       0x2c ./firmware/drivers/mss_hpdma/mss_hpdma.o
 .debug_macro   0x00000000      0x898 ./firmware/drivers/mss_hpdma/mss_hpdma.o
 .debug_macro   0x00000000       0x22 ./firmware/drivers/mss_hpdma/mss_hpdma.o
 .debug_macro   0x00000000       0x35 ./firmware/drivers/mss_hpdma/mss_hpdma.o
 .debug_macro   0x00000000       0x9c ./firmware/drivers/mss_hpdma/mss_hpdma.o
 .debug_macro   0x00000000       0x1c ./firmware/drivers/mss_hpdma/mss_hpdma.o
 .debug_macro   0x00000000       0x26 ./firmware/drivers/mss_hpdma/mss_hpdma.o
 .debug_macro   0x00000000       0xef ./firmware/drivers/mss_hpdma/mss_hpdma.o
 .debug_macro   0x00000000       0x6a ./firmware/drivers/mss_hpdma/mss_hpdma.o
 .debug_macro   0x00000000      0x1df ./firmware/drivers/mss_hpdma/mss_hpdma.o
 .debug_macro   0x00000000       0x34 ./firmware/drivers/mss_hpdma/mss_hpdma.o
 .debug_macro   0x00000000       0x34 ./firmware/drivers/mss_hpdma/mss_hpdma.o
 .debug_macro   0x00000000      0xca6 ./firmware/drivers/mss_hpdma/mss_hpdma.o
 .debug_macro   0x00000000      0x265 ./firmware/drivers/mss_hpdma/mss_hpdma.o
 .group         0x00000000        0x8 ./firmware/drivers/mss_gpio/mss_gpio.o
 .group         0x00000000        0x8 ./firmware/drivers/mss_gpio/mss_gpio.o
 .group         0x00000000        0x8 ./firmware/drivers/mss_gpio/mss_gpio.o
 .group         0x00000000        0x8 ./firmware/drivers/mss_gpio/mss_gpio.o
 .group         0x00000000        0x8 ./firmware/drivers/mss_gpio/mss_gpio.o
 .group         0x00000000        0x8 ./firmware/drivers/mss_gpio/mss_gpio.o
 .group         0x00000000        0x8 ./firmware/drivers/mss_gpio/mss_gpio.o
 .group         0x00000000        0x8 ./firmware/drivers/mss_gpio/mss_gpio.o
 .group         0x00000000        0x8 ./firmware/drivers/mss_gpio/mss_gpio.o
 .group         0x00000000        0x8 ./firmware/drivers/mss_gpio/mss_gpio.o
 .group         0x00000000        0x8 ./firmware/drivers/mss_gpio/mss_gpio.o
 .group         0x00000000        0x8 ./firmware/drivers/mss_gpio/mss_gpio.o
 .group         0x00000000        0x8 ./firmware/drivers/mss_gpio/mss_gpio.o
 .group         0x00000000        0x8 ./firmware/drivers/mss_gpio/mss_gpio.o
 .group         0x00000000        0x8 ./firmware/drivers/mss_gpio/mss_gpio.o
 .group         0x00000000        0x8 ./firmware/drivers/mss_gpio/mss_gpio.o
 .group         0x00000000        0x8 ./firmware/drivers/mss_gpio/mss_gpio.o
 .text          0x00000000        0x0 ./firmware/drivers/mss_gpio/mss_gpio.o
 .data          0x00000000        0x0 ./firmware/drivers/mss_gpio/mss_gpio.o
 .bss           0x00000000        0x0 ./firmware/drivers/mss_gpio/mss_gpio.o
 .text.NVIC_EnableIRQ
                0x00000000       0x30 ./firmware/drivers/mss_gpio/mss_gpio.o
 .text.MSS_GPIO_drive_inout
                0x00000000       0xec ./firmware/drivers/mss_gpio/mss_gpio.o
 .text.MSS_GPIO_enable_irq
                0x00000000       0x58 ./firmware/drivers/mss_gpio/mss_gpio.o
 .text.MSS_GPIO_disable_irq
                0x00000000       0x48 ./firmware/drivers/mss_gpio/mss_gpio.o
 .text.MSS_GPIO_clear_irq
                0x00000000       0x3c ./firmware/drivers/mss_gpio/mss_gpio.o
 .debug_macro   0x00000000      0x898 ./firmware/drivers/mss_gpio/mss_gpio.o
 .debug_macro   0x00000000       0x26 ./firmware/drivers/mss_gpio/mss_gpio.o
 .debug_macro   0x00000000       0x22 ./firmware/drivers/mss_gpio/mss_gpio.o
 .debug_macro   0x00000000       0x87 ./firmware/drivers/mss_gpio/mss_gpio.o
 .debug_macro   0x00000000       0x51 ./firmware/drivers/mss_gpio/mss_gpio.o
 .debug_macro   0x00000000       0xef ./firmware/drivers/mss_gpio/mss_gpio.o
 .debug_macro   0x00000000       0x6a ./firmware/drivers/mss_gpio/mss_gpio.o
 .debug_macro   0x00000000      0x1df ./firmware/drivers/mss_gpio/mss_gpio.o
 .debug_macro   0x00000000       0x34 ./firmware/drivers/mss_gpio/mss_gpio.o
 .debug_macro   0x00000000       0x34 ./firmware/drivers/mss_gpio/mss_gpio.o
 .debug_macro   0x00000000      0xca6 ./firmware/drivers/mss_gpio/mss_gpio.o
 .debug_macro   0x00000000      0x265 ./firmware/drivers/mss_gpio/mss_gpio.o
 .debug_macro   0x00000000       0x58 ./firmware/drivers/mss_gpio/mss_gpio.o
 .debug_macro   0x00000000       0x35 ./firmware/drivers/mss_gpio/mss_gpio.o
 .debug_macro   0x00000000       0x9c ./firmware/drivers/mss_gpio/mss_gpio.o
 .debug_macro   0x00000000       0x1c ./firmware/drivers/mss_gpio/mss_gpio.o
 .group         0x00000000        0x8 ./firmware/CMSIS/startup_gcc/newlib_stubs.o
 .group         0x00000000        0x8 ./firmware/CMSIS/startup_gcc/newlib_stubs.o
 .group         0x00000000        0x8 ./firmware/CMSIS/startup_gcc/newlib_stubs.o
 .group         0x00000000        0x8 ./firmware/CMSIS/startup_gcc/newlib_stubs.o
 .group         0x00000000        0x8 ./firmware/CMSIS/startup_gcc/newlib_stubs.o
 .group         0x00000000        0x8 ./firmware/CMSIS/startup_gcc/newlib_stubs.o
 .group         0x00000000        0x8 ./firmware/CMSIS/startup_gcc/newlib_stubs.o
 .group         0x00000000        0x8 ./firmware/CMSIS/startup_gcc/newlib_stubs.o
 .group         0x00000000        0x8 ./firmware/CMSIS/startup_gcc/newlib_stubs.o
 .group         0x00000000        0x8 ./firmware/CMSIS/startup_gcc/newlib_stubs.o
 .group         0x00000000        0x8 ./firmware/CMSIS/startup_gcc/newlib_stubs.o
 .group         0x00000000        0x8 ./firmware/CMSIS/startup_gcc/newlib_stubs.o
 .group         0x00000000        0x8 ./firmware/CMSIS/startup_gcc/newlib_stubs.o
 .group         0x00000000        0x8 ./firmware/CMSIS/startup_gcc/newlib_stubs.o
 .group         0x00000000        0x8 ./firmware/CMSIS/startup_gcc/newlib_stubs.o
 .group         0x00000000        0x8 ./firmware/CMSIS/startup_gcc/newlib_stubs.o
 .group         0x00000000        0x8 ./firmware/CMSIS/startup_gcc/newlib_stubs.o
 .group         0x00000000        0x8 ./firmware/CMSIS/startup_gcc/newlib_stubs.o
 .group         0x00000000        0x8 ./firmware/CMSIS/startup_gcc/newlib_stubs.o
 .group         0x00000000        0x8 ./firmware/CMSIS/startup_gcc/newlib_stubs.o
 .group         0x00000000        0x8 ./firmware/CMSIS/startup_gcc/newlib_stubs.o
 .group         0x00000000        0x8 ./firmware/CMSIS/startup_gcc/newlib_stubs.o
 .group         0x00000000        0x8 ./firmware/CMSIS/startup_gcc/newlib_stubs.o
 .group         0x00000000        0x8 ./firmware/CMSIS/startup_gcc/newlib_stubs.o
 .group         0x00000000        0x8 ./firmware/CMSIS/startup_gcc/newlib_stubs.o
 .group         0x00000000        0x8 ./firmware/CMSIS/startup_gcc/newlib_stubs.o
 .group         0x00000000        0x8 ./firmware/CMSIS/startup_gcc/newlib_stubs.o
 .group         0x00000000        0x8 ./firmware/CMSIS/startup_gcc/newlib_stubs.o
 .group         0x00000000        0x8 ./firmware/CMSIS/startup_gcc/newlib_stubs.o
 .group         0x00000000        0x8 ./firmware/CMSIS/startup_gcc/newlib_stubs.o
 .group         0x00000000        0x8 ./firmware/CMSIS/startup_gcc/newlib_stubs.o
 .group         0x00000000        0x8 ./firmware/CMSIS/startup_gcc/newlib_stubs.o
 .group         0x00000000        0x8 ./firmware/CMSIS/startup_gcc/newlib_stubs.o
 .group         0x00000000        0x8 ./firmware/CMSIS/startup_gcc/newlib_stubs.o
 .group         0x00000000        0x8 ./firmware/CMSIS/startup_gcc/newlib_stubs.o
 .group         0x00000000        0x8 ./firmware/CMSIS/startup_gcc/newlib_stubs.o
 .text          0x00000000        0x0 ./firmware/CMSIS/startup_gcc/newlib_stubs.o
 .data          0x00000000        0x0 ./firmware/CMSIS/startup_gcc/newlib_stubs.o
 .bss           0x00000000        0x0 ./firmware/CMSIS/startup_gcc/newlib_stubs.o
 .bss.__env     0x00000000        0x4 ./firmware/CMSIS/startup_gcc/newlib_stubs.o
 .data.environ  0x00000000        0x4 ./firmware/CMSIS/startup_gcc/newlib_stubs.o
 .text._close   0x00000000       0x16 ./firmware/CMSIS/startup_gcc/newlib_stubs.o
 .text._execve  0x00000000       0x22 ./firmware/CMSIS/startup_gcc/newlib_stubs.o
 .text._exit    0x00000000        0xa ./firmware/CMSIS/startup_gcc/newlib_stubs.o
 .text._fork    0x00000000       0x16 ./firmware/CMSIS/startup_gcc/newlib_stubs.o
 .text._fstat   0x00000000       0x1e ./firmware/CMSIS/startup_gcc/newlib_stubs.o
 .text._getpid  0x00000000        0xe ./firmware/CMSIS/startup_gcc/newlib_stubs.o
 .text._isatty  0x00000000       0x14 ./firmware/CMSIS/startup_gcc/newlib_stubs.o
 .text._kill    0x00000000       0x20 ./firmware/CMSIS/startup_gcc/newlib_stubs.o
 .text._link    0x00000000       0x20 ./firmware/CMSIS/startup_gcc/newlib_stubs.o
 .text._lseek   0x00000000       0x18 ./firmware/CMSIS/startup_gcc/newlib_stubs.o
 .text._open    0x00000000       0x1a ./firmware/CMSIS/startup_gcc/newlib_stubs.o
 .text._read    0x00000000       0x18 ./firmware/CMSIS/startup_gcc/newlib_stubs.o
 .text._write_r
                0x00000000       0x1a ./firmware/CMSIS/startup_gcc/newlib_stubs.o
 .bss.heap_end.5344
                0x00000000        0x4 ./firmware/CMSIS/startup_gcc/newlib_stubs.o
 .rodata        0x00000000       0x30 ./firmware/CMSIS/startup_gcc/newlib_stubs.o
 .text._sbrk    0x00000000       0x9c ./firmware/CMSIS/startup_gcc/newlib_stubs.o
 .text._stat    0x00000000       0x1e ./firmware/CMSIS/startup_gcc/newlib_stubs.o
 .text._times   0x00000000       0x16 ./firmware/CMSIS/startup_gcc/newlib_stubs.o
 .text._unlink  0x00000000       0x1e ./firmware/CMSIS/startup_gcc/newlib_stubs.o
 .text._wait    0x00000000       0x1e ./firmware/CMSIS/startup_gcc/newlib_stubs.o
 .debug_macro   0x00000000      0x898 ./firmware/CMSIS/startup_gcc/newlib_stubs.o
 .debug_macro   0x00000000       0x22 ./firmware/CMSIS/startup_gcc/newlib_stubs.o
 .debug_macro   0x00000000       0x52 ./firmware/CMSIS/startup_gcc/newlib_stubs.o
 .debug_macro   0x00000000       0x8d ./firmware/CMSIS/startup_gcc/newlib_stubs.o
 .debug_macro   0x00000000       0x35 ./firmware/CMSIS/startup_gcc/newlib_stubs.o
 .debug_macro   0x00000000       0x9c ./firmware/CMSIS/startup_gcc/newlib_stubs.o
 .debug_macro   0x00000000       0x57 ./firmware/CMSIS/startup_gcc/newlib_stubs.o
 .debug_macro   0x00000000       0x58 ./firmware/CMSIS/startup_gcc/newlib_stubs.o
 .debug_macro   0x00000000       0x1f ./firmware/CMSIS/startup_gcc/newlib_stubs.o
 .debug_macro   0x00000000       0x43 ./firmware/CMSIS/startup_gcc/newlib_stubs.o
 .debug_macro   0x00000000       0x20 ./firmware/CMSIS/startup_gcc/newlib_stubs.o
 .debug_macro   0x00000000      0x187 ./firmware/CMSIS/startup_gcc/newlib_stubs.o
 .debug_macro   0x00000000      0x30d ./firmware/CMSIS/startup_gcc/newlib_stubs.o
 .debug_macro   0x00000000       0x35 ./firmware/CMSIS/startup_gcc/newlib_stubs.o
 .debug_macro   0x00000000       0x6a ./firmware/CMSIS/startup_gcc/newlib_stubs.o
 .text          0x00000000        0x0 ./firmware/CMSIS/startup_gcc/startup_m2sxxx.o
 .data          0x00000000        0x0 ./firmware/CMSIS/startup_gcc/startup_m2sxxx.o
 .bss           0x00000000        0x0 ./firmware/CMSIS/startup_gcc/startup_m2sxxx.o
 .group         0x00000000        0x8 ./firmware/CMSIS/system_m2sxxx.o
 .group         0x00000000        0x8 ./firmware/CMSIS/system_m2sxxx.o
 .group         0x00000000        0x8 ./firmware/CMSIS/system_m2sxxx.o
 .group         0x00000000        0x8 ./firmware/CMSIS/system_m2sxxx.o
 .group         0x00000000        0x8 ./firmware/CMSIS/system_m2sxxx.o
 .group         0x00000000        0x8 ./firmware/CMSIS/system_m2sxxx.o
 .group         0x00000000        0x8 ./firmware/CMSIS/system_m2sxxx.o
 .group         0x00000000        0x8 ./firmware/CMSIS/system_m2sxxx.o
 .group         0x00000000        0x8 ./firmware/CMSIS/system_m2sxxx.o
 .group         0x00000000        0x8 ./firmware/CMSIS/system_m2sxxx.o
 .group         0x00000000        0x8 ./firmware/CMSIS/system_m2sxxx.o
 .group         0x00000000        0x8 ./firmware/CMSIS/system_m2sxxx.o
 .group         0x00000000        0x8 ./firmware/CMSIS/system_m2sxxx.o
 .group         0x00000000        0x8 ./firmware/CMSIS/system_m2sxxx.o
 .text          0x00000000        0x0 ./firmware/CMSIS/system_m2sxxx.o
 .data          0x00000000        0x0 ./firmware/CMSIS/system_m2sxxx.o
 .bss           0x00000000        0x0 ./firmware/CMSIS/system_m2sxxx.o
 .data.g_FrequencyPCLK0
                0x00000000        0x4 ./firmware/CMSIS/system_m2sxxx.o
 .data.g_FrequencyPCLK1
                0x00000000        0x4 ./firmware/CMSIS/system_m2sxxx.o
 .data.g_FrequencyPCLK2
                0x00000000        0x4 ./firmware/CMSIS/system_m2sxxx.o
 .data.g_FrequencyFIC0
                0x00000000        0x4 ./firmware/CMSIS/system_m2sxxx.o
 .data.g_FrequencyFIC1
                0x00000000        0x4 ./firmware/CMSIS/system_m2sxxx.o
 .data.g_FrequencyFIC64
                0x00000000        0x4 ./firmware/CMSIS/system_m2sxxx.o
 .rodata        0x00000000        0x8 ./firmware/CMSIS/system_m2sxxx.o
 .text.SystemCoreClockUpdate
                0x00000000       0xf8 ./firmware/CMSIS/system_m2sxxx.o
 .text.get_rcosc_25_50mhz_frequency
                0x00000000       0x3c ./firmware/CMSIS/system_m2sxxx.o
 .text.set_clock_frequency_globals
                0x00000000       0x5c ./firmware/CMSIS/system_m2sxxx.o
 .debug_macro   0x00000000      0x898 ./firmware/CMSIS/system_m2sxxx.o
 .debug_macro   0x00000000       0x26 ./firmware/CMSIS/system_m2sxxx.o
 .debug_macro   0x00000000       0x22 ./firmware/CMSIS/system_m2sxxx.o
 .debug_macro   0x00000000       0x87 ./firmware/CMSIS/system_m2sxxx.o
 .debug_macro   0x00000000       0x51 ./firmware/CMSIS/system_m2sxxx.o
 .debug_macro   0x00000000       0xef ./firmware/CMSIS/system_m2sxxx.o
 .debug_macro   0x00000000       0x6a ./firmware/CMSIS/system_m2sxxx.o
 .debug_macro   0x00000000      0x1df ./firmware/CMSIS/system_m2sxxx.o
 .debug_macro   0x00000000       0x34 ./firmware/CMSIS/system_m2sxxx.o
 .debug_macro   0x00000000       0x34 ./firmware/CMSIS/system_m2sxxx.o
 .debug_macro   0x00000000      0xca6 ./firmware/CMSIS/system_m2sxxx.o
 .debug_macro   0x00000000      0x265 ./firmware/CMSIS/system_m2sxxx.o
 .debug_macro   0x00000000       0x3a ./firmware/CMSIS/system_m2sxxx.o
 .debug_macro   0x00000000       0x34 ./firmware/CMSIS/system_m2sxxx.o
 .group         0x00000000        0x8 ./main.o
 .group         0x00000000        0x8 ./main.o
 .group         0x00000000        0x8 ./main.o
 .group         0x00000000        0x8 ./main.o
 .group         0x00000000        0x8 ./main.o
 .group         0x00000000        0x8 ./main.o
 .group         0x00000000        0x8 ./main.o
 .group         0x00000000        0x8 ./main.o
 .group         0x00000000        0x8 ./main.o
 .group         0x00000000        0x8 ./main.o
 .group         0x00000000        0x8 ./main.o
 .group         0x00000000        0x8 ./main.o
 .group         0x00000000        0x8 ./main.o
 .text          0x00000000        0x0 ./main.o
 .data          0x00000000        0x0 ./main.o
 .bss           0x00000000        0x0 ./main.o
 .debug_macro   0x00000000      0x898 ./main.o
 .debug_macro   0x00000000       0x26 ./main.o
 .debug_macro   0x00000000       0x22 ./main.o
 .debug_macro   0x00000000       0x87 ./main.o
 .debug_macro   0x00000000       0x51 ./main.o
 .debug_macro   0x00000000       0xef ./main.o
 .debug_macro   0x00000000       0x6a ./main.o
 .debug_macro   0x00000000      0x1df ./main.o
 .debug_macro   0x00000000       0x34 ./main.o
 .debug_macro   0x00000000       0x34 ./main.o
 .debug_macro   0x00000000      0xca6 ./main.o
 .debug_macro   0x00000000      0x265 ./main.o
 .debug_macro   0x00000000      0x11c ./main.o
 .text          0x00000000        0x0 d:/microsemi/softconsole_v5.1/arm-none-eabi-gcc/bin/../lib/gcc/arm-none-eabi/6.3.1/../../../../arm-none-eabi/lib/thumb/v7-m\libg_nano.a(lib_a-errno.o)
 .data          0x00000000        0x0 d:/microsemi/softconsole_v5.1/arm-none-eabi-gcc/bin/../lib/gcc/arm-none-eabi/6.3.1/../../../../arm-none-eabi/lib/thumb/v7-m\libg_nano.a(lib_a-errno.o)
 .bss           0x00000000        0x0 d:/microsemi/softconsole_v5.1/arm-none-eabi-gcc/bin/../lib/gcc/arm-none-eabi/6.3.1/../../../../arm-none-eabi/lib/thumb/v7-m\libg_nano.a(lib_a-errno.o)
 .text.__errno  0x00000000        0xc d:/microsemi/softconsole_v5.1/arm-none-eabi-gcc/bin/../lib/gcc/arm-none-eabi/6.3.1/../../../../arm-none-eabi/lib/thumb/v7-m\libg_nano.a(lib_a-errno.o)
 .text          0x00000000        0x0 d:/microsemi/softconsole_v5.1/arm-none-eabi-gcc/bin/../lib/gcc/arm-none-eabi/6.3.1/../../../../arm-none-eabi/lib/thumb/v7-m\libg_nano.a(lib_a-exit.o)
 .data          0x00000000        0x0 d:/microsemi/softconsole_v5.1/arm-none-eabi-gcc/bin/../lib/gcc/arm-none-eabi/6.3.1/../../../../arm-none-eabi/lib/thumb/v7-m\libg_nano.a(lib_a-exit.o)
 .bss           0x00000000        0x0 d:/microsemi/softconsole_v5.1/arm-none-eabi-gcc/bin/../lib/gcc/arm-none-eabi/6.3.1/../../../../arm-none-eabi/lib/thumb/v7-m\libg_nano.a(lib_a-exit.o)
 .text.exit     0x00000000       0x28 d:/microsemi/softconsole_v5.1/arm-none-eabi-gcc/bin/../lib/gcc/arm-none-eabi/6.3.1/../../../../arm-none-eabi/lib/thumb/v7-m\libg_nano.a(lib_a-exit.o)
 .text          0x00000000        0x0 d:/microsemi/softconsole_v5.1/arm-none-eabi-gcc/bin/../lib/gcc/arm-none-eabi/6.3.1/../../../../arm-none-eabi/lib/thumb/v7-m\libg_nano.a(lib_a-impure.o)
 .data          0x00000000        0x0 d:/microsemi/softconsole_v5.1/arm-none-eabi-gcc/bin/../lib/gcc/arm-none-eabi/6.3.1/../../../../arm-none-eabi/lib/thumb/v7-m\libg_nano.a(lib_a-impure.o)
 .bss           0x00000000        0x0 d:/microsemi/softconsole_v5.1/arm-none-eabi-gcc/bin/../lib/gcc/arm-none-eabi/6.3.1/../../../../arm-none-eabi/lib/thumb/v7-m\libg_nano.a(lib_a-impure.o)
 .data._impure_ptr
                0x00000000        0x4 d:/microsemi/softconsole_v5.1/arm-none-eabi-gcc/bin/../lib/gcc/arm-none-eabi/6.3.1/../../../../arm-none-eabi/lib/thumb/v7-m\libg_nano.a(lib_a-impure.o)
 .data.impure_data
                0x00000000       0x60 d:/microsemi/softconsole_v5.1/arm-none-eabi-gcc/bin/../lib/gcc/arm-none-eabi/6.3.1/../../../../arm-none-eabi/lib/thumb/v7-m\libg_nano.a(lib_a-impure.o)
 .rodata._global_impure_ptr
                0x00000000        0x4 d:/microsemi/softconsole_v5.1/arm-none-eabi-gcc/bin/../lib/gcc/arm-none-eabi/6.3.1/../../../../arm-none-eabi/lib/thumb/v7-m\libg_nano.a(lib_a-impure.o)
 .text          0x00000000        0x0 d:/microsemi/softconsole_v5.1/arm-none-eabi-gcc/bin/../lib/gcc/arm-none-eabi/6.3.1/../../../../arm-none-eabi/lib/thumb/v7-m\libg_nano.a(lib_a-init.o)
 .data          0x00000000        0x0 d:/microsemi/softconsole_v5.1/arm-none-eabi-gcc/bin/../lib/gcc/arm-none-eabi/6.3.1/../../../../arm-none-eabi/lib/thumb/v7-m\libg_nano.a(lib_a-init.o)
 .bss           0x00000000        0x0 d:/microsemi/softconsole_v5.1/arm-none-eabi-gcc/bin/../lib/gcc/arm-none-eabi/6.3.1/../../../../arm-none-eabi/lib/thumb/v7-m\libg_nano.a(lib_a-init.o)
 .text          0x00000000        0x0 d:/microsemi/softconsole_v5.1/arm-none-eabi-gcc/bin/../lib/gcc/arm-none-eabi/6.3.1/../../../../arm-none-eabi/lib/thumb/v7-m\libg_nano.a(lib_a-memcpy-stub.o)
 .data          0x00000000        0x0 d:/microsemi/softconsole_v5.1/arm-none-eabi-gcc/bin/../lib/gcc/arm-none-eabi/6.3.1/../../../../arm-none-eabi/lib/thumb/v7-m\libg_nano.a(lib_a-memcpy-stub.o)
 .bss           0x00000000        0x0 d:/microsemi/softconsole_v5.1/arm-none-eabi-gcc/bin/../lib/gcc/arm-none-eabi/6.3.1/../../../../arm-none-eabi/lib/thumb/v7-m\libg_nano.a(lib_a-memcpy-stub.o)
 .text.memcpy   0x00000000       0x16 d:/microsemi/softconsole_v5.1/arm-none-eabi-gcc/bin/../lib/gcc/arm-none-eabi/6.3.1/../../../../arm-none-eabi/lib/thumb/v7-m\libg_nano.a(lib_a-memcpy-stub.o)
 .text          0x00000000        0x0 d:/microsemi/softconsole_v5.1/arm-none-eabi-gcc/bin/../lib/gcc/arm-none-eabi/6.3.1/../../../../arm-none-eabi/lib/thumb/v7-m\libg_nano.a(lib_a-memset.o)
 .data          0x00000000        0x0 d:/microsemi/softconsole_v5.1/arm-none-eabi-gcc/bin/../lib/gcc/arm-none-eabi/6.3.1/../../../../arm-none-eabi/lib/thumb/v7-m\libg_nano.a(lib_a-memset.o)
 .bss           0x00000000        0x0 d:/microsemi/softconsole_v5.1/arm-none-eabi-gcc/bin/../lib/gcc/arm-none-eabi/6.3.1/../../../../arm-none-eabi/lib/thumb/v7-m\libg_nano.a(lib_a-memset.o)
 .text.memset   0x00000000       0x10 d:/microsemi/softconsole_v5.1/arm-none-eabi-gcc/bin/../lib/gcc/arm-none-eabi/6.3.1/../../../../arm-none-eabi/lib/thumb/v7-m\libg_nano.a(lib_a-memset.o)
 .text          0x00000000        0x0 d:/microsemi/softconsole_v5.1/arm-none-eabi-gcc/bin/../lib/gcc/arm-none-eabi/6.3.1/thumb/v7-m/crtend.o
 .data          0x00000000        0x0 d:/microsemi/softconsole_v5.1/arm-none-eabi-gcc/bin/../lib/gcc/arm-none-eabi/6.3.1/thumb/v7-m/crtend.o
 .bss           0x00000000        0x0 d:/microsemi/softconsole_v5.1/arm-none-eabi-gcc/bin/../lib/gcc/arm-none-eabi/6.3.1/thumb/v7-m/crtend.o
 .eh_frame      0x00000000        0x4 d:/microsemi/softconsole_v5.1/arm-none-eabi-gcc/bin/../lib/gcc/arm-none-eabi/6.3.1/thumb/v7-m/crtend.o
 .text          0x00000000        0x0 d:/microsemi/softconsole_v5.1/arm-none-eabi-gcc/bin/../lib/gcc/arm-none-eabi/6.3.1/thumb/v7-m/crtn.o
 .data          0x00000000        0x0 d:/microsemi/softconsole_v5.1/arm-none-eabi-gcc/bin/../lib/gcc/arm-none-eabi/6.3.1/thumb/v7-m/crtn.o
 .bss           0x00000000        0x0 d:/microsemi/softconsole_v5.1/arm-none-eabi-gcc/bin/../lib/gcc/arm-none-eabi/6.3.1/thumb/v7-m/crtn.o

Memory Configuration

Name             Origin             Length             Attributes
ram              0x20000000         0x00010000         xrw
*default*        0x00000000         0xffffffff

Linker script and memory map

LOAD d:/microsemi/softconsole_v5.1/arm-none-eabi-gcc/bin/../lib/gcc/arm-none-eabi/6.3.1/thumb/v7-m/crti.o
LOAD d:/microsemi/softconsole_v5.1/arm-none-eabi-gcc/bin/../lib/gcc/arm-none-eabi/6.3.1/thumb/v7-m/crtbegin.o
LOAD d:/microsemi/softconsole_v5.1/arm-none-eabi-gcc/bin/../lib/gcc/arm-none-eabi/6.3.1/../../../../arm-none-eabi/lib/thumb/v7-m/crt0.o
LOAD ./firmware/hal/CortexM3/GNU/hal.o
LOAD ./firmware/hal/CortexM3/GNU/hw_reg_access.o
LOAD ./firmware/hal/CortexM3/cortex_nvic.o
LOAD ./firmware/drivers_config/sys_config/sys_config.o
LOAD ./firmware/drivers/mss_sys_services/mss_comblk.o
LOAD ./firmware/drivers/mss_sys_services/mss_sys_services.o
LOAD ./firmware/drivers/mss_nvm/mss_nvm.o
LOAD ./firmware/drivers/mss_hpdma/mss_hpdma.o
LOAD ./firmware/drivers/mss_gpio/mss_gpio.o
LOAD ./firmware/CMSIS/startup_gcc/newlib_stubs.o
LOAD ./firmware/CMSIS/startup_gcc/startup_m2sxxx.o
LOAD ./firmware/CMSIS/system_m2sxxx.o
LOAD ./main.o
START GROUP
LOAD d:/microsemi/softconsole_v5.1/arm-none-eabi-gcc/bin/../lib/gcc/arm-none-eabi/6.3.1/thumb/v7-m\libgcc.a
LOAD d:/microsemi/softconsole_v5.1/arm-none-eabi-gcc/bin/../lib/gcc/arm-none-eabi/6.3.1/../../../../arm-none-eabi/lib/thumb/v7-m\libg_nano.a
LOAD d:/microsemi/softconsole_v5.1/arm-none-eabi-gcc/bin/../lib/gcc/arm-none-eabi/6.3.1/../../../../arm-none-eabi/lib/thumb/v7-m\libc_nano.a
END GROUP
START GROUP
LOAD d:/microsemi/softconsole_v5.1/arm-none-eabi-gcc/bin/../lib/gcc/arm-none-eabi/6.3.1/thumb/v7-m\libgcc.a
LOAD d:/microsemi/softconsole_v5.1/arm-none-eabi-gcc/bin/../lib/gcc/arm-none-eabi/6.3.1/../../../../arm-none-eabi/lib/thumb/v7-m\libc_nano.a
END GROUP
LOAD d:/microsemi/softconsole_v5.1/arm-none-eabi-gcc/bin/../lib/gcc/arm-none-eabi/6.3.1/thumb/v7-m/crtend.o
LOAD d:/microsemi/softconsole_v5.1/arm-none-eabi-gcc/bin/../lib/gcc/arm-none-eabi/6.3.1/thumb/v7-m/crtn.o
START GROUP
LOAD d:/microsemi/softconsole_v5.1/arm-none-eabi-gcc/bin/../lib/gcc/arm-none-eabi/6.3.1/../../../../arm-none-eabi/lib/thumb/v7-m\libc.a
LOAD d:/microsemi/softconsole_v5.1/arm-none-eabi-gcc/bin/../lib/gcc/arm-none-eabi/6.3.1/thumb/v7-m\libgcc.a
LOAD d:/microsemi/softconsole_v5.1/arm-none-eabi-gcc/bin/../lib/gcc/arm-none-eabi/6.3.1/../../../../arm-none-eabi/lib/thumb/v7-m\libm.a
END GROUP
                0x00000000                __DYNAMIC = 0x0
                0x20000000                RAM_START_ADDRESS = 0x20000000
                0x00010000                RAM_SIZE = 0x10000
                0x00001000                MAIN_STACK_SIZE = 0x1000
                0x00001000                MIN_SIZE_HEAP = 0x1000
                0x20010000                PROVIDE (__main_stack_start, (RAM_START_ADDRESS + RAM_SIZE))
                [!provide]                PROVIDE (_estack, __main_stack_start)
                0x00000000                PROVIDE (__mirrored_nvm, 0x0)
                0x00000000                PROVIDE (__smartfusion2_memory_remap, 0x0)

.vector_table   0x20000000      0x190
                0x20000000                __vector_table_load = LOADADDR (.vector_table)
                0x20000000                __vector_table_start = .
                0x20000000                __vector_table_vma_base_address = .
 *(.isr_vector)
 .isr_vector    0x20000000      0x190 ./firmware/CMSIS/startup_gcc/startup_m2sxxx.o
                0x20000000                g_pfnVectors
                0x20000190                . = ALIGN (0x10)
                0x20000190                _evector_table = .

.boot_code      0x20000190      0x320
 *(.boot_code)
 .boot_code     0x20000190      0x31c ./firmware/CMSIS/startup_gcc/startup_m2sxxx.o
                0x20000190                Reset_Handler
                0x2000037e                NMI_Handler
                0x20000380                HardFault_Handler
                0x20000382                MemManage_Handler
                0x20000384                BusFault_Handler
                0x20000386                UsageFault_Handler
                0x20000388                SVC_Handler
                0x2000038a                DebugMon_Handler
                0x2000038c                PendSV_Handler
                0x2000038e                SysTick_Handler
                0x20000390                WdogWakeup_IRQHandler
                0x20000392                RTC_Wakeup_IRQHandler
                0x20000394                SPI0_IRQHandler
                0x20000396                SPI1_IRQHandler
                0x20000398                I2C0_IRQHandler
                0x2000039a                I2C0_SMBAlert_IRQHandler
                0x2000039c                I2C0_SMBus_IRQHandler
                0x2000039e                I2C1_IRQHandler
                0x200003a0                I2C1_SMBAlert_IRQHandler
                0x200003a2                I2C1_SMBus_IRQHandler
                0x200003a4                UART0_IRQHandler
                0x200003a6                UART1_IRQHandler
                0x200003a8                EthernetMAC_IRQHandler
                0x200003aa                DMA_IRQHandler
                0x200003ac                Timer1_IRQHandler
                0x200003ae                Timer2_IRQHandler
                0x200003b0                CAN_IRQHandler
                0x200003b2                ENVM0_IRQHandler
                0x200003b4                ENVM1_IRQHandler
                0x200003b8                USB_IRQHandler
                0x200003ba                USB_DMA_IRQHandler
                0x200003bc                PLL_Lock_IRQHandler
                0x200003be                PLL_LockLost_IRQHandler
                0x200003c0                CommSwitchError_IRQHandler
                0x200003c2                CacheError_IRQHandler
                0x200003c4                DDR_IRQHandler
                0x200003ca                ECC_Error_IRQHandler
                0x200003cc                MDDR_IOCalib_IRQHandler
                0x200003ce                FAB_PLL_Lock_IRQHandler
                0x200003d0                FAB_PLL_LockLost_IRQHandler
                0x200003d2                FIC64_IRQHandler
                0x200003d4                FabricIrq0_IRQHandler
                0x200003d6                FabricIrq1_IRQHandler
                0x200003d8                FabricIrq2_IRQHandler
                0x200003da                FabricIrq3_IRQHandler
                0x200003dc                FabricIrq4_IRQHandler
                0x200003de                FabricIrq5_IRQHandler
                0x200003e0                FabricIrq6_IRQHandler
                0x200003e2                FabricIrq7_IRQHandler
                0x200003e4                FabricIrq8_IRQHandler
                0x200003e6                FabricIrq9_IRQHandler
                0x200003e8                FabricIrq10_IRQHandler
                0x200003ea                FabricIrq11_IRQHandler
                0x200003ec                FabricIrq12_IRQHandler
                0x200003ee                FabricIrq13_IRQHandler
                0x200003f0                FabricIrq14_IRQHandler
                0x200003f2                FabricIrq15_IRQHandler
                0x200003f4                GPIO0_IRQHandler
                0x200003f6                GPIO1_IRQHandler
                0x200003f8                GPIO2_IRQHandler
                0x200003fa                GPIO3_IRQHandler
                0x200003fc                GPIO4_IRQHandler
                0x200003fe                GPIO5_IRQHandler
                0x20000400                GPIO6_IRQHandler
                0x20000402                GPIO7_IRQHandler
                0x20000404                GPIO8_IRQHandler
                0x20000406                GPIO9_IRQHandler
                0x20000408                GPIO10_IRQHandler
                0x2000040a                GPIO11_IRQHandler
                0x2000040c                GPIO12_IRQHandler
                0x2000040e                GPIO13_IRQHandler
                0x20000410                GPIO14_IRQHandler
                0x20000412                GPIO15_IRQHandler
                0x20000414                GPIO16_IRQHandler
                0x20000416                GPIO17_IRQHandler
                0x20000418                GPIO18_IRQHandler
                0x2000041a                GPIO19_IRQHandler
                0x2000041c                GPIO20_IRQHandler
                0x2000041e                GPIO21_IRQHandler
                0x20000420                GPIO22_IRQHandler
                0x20000422                GPIO23_IRQHandler
                0x20000424                GPIO24_IRQHandler
                0x20000426                GPIO25_IRQHandler
                0x20000428                GPIO26_IRQHandler
                0x2000042a                GPIO27_IRQHandler
                0x2000042c                GPIO28_IRQHandler
                0x2000042e                GPIO29_IRQHandler
                0x20000430                GPIO30_IRQHandler
                0x20000432                GPIO31_IRQHandler
                0x20000434                mscc_post_hw_cfg_init
                0x200004b0                . = ALIGN (0x10)
 *fill*         0x200004ac        0x4 

.text           0x200004b0      0xd60
 CREATE_OBJECT_SYMBOLS
                0x200004b0                __text_load = LOADADDR (.text)
                0x200004b0                __text_start = .
 *(.text .text.* .gnu.linkonce.t.*)
 .text          0x200004b0       0x6c d:/microsemi/softconsole_v5.1/arm-none-eabi-gcc/bin/../lib/gcc/arm-none-eabi/6.3.1/thumb/v7-m/crtbegin.o
 .text.ComBlk_IRQHandler
                0x2000051c       0x48 ./firmware/drivers/mss_sys_services/mss_comblk.o
                0x2000051c                ComBlk_IRQHandler
 .text.handle_tx_okay_irq
                0x20000564      0x1ac ./firmware/drivers/mss_sys_services/mss_comblk.o
 .text.handle_rx_okay_irq
                0x20000710      0x210 ./firmware/drivers/mss_sys_services/mss_comblk.o
 .text.complete_request
                0x20000920       0x40 ./firmware/drivers/mss_sys_services/mss_comblk.o
 .text.abort_current_cmd
                0x20000960       0x4c ./firmware/drivers/mss_sys_services/mss_comblk.o
 .text.fill_tx_fifo
                0x200009ac       0x60 ./firmware/drivers/mss_sys_services/mss_comblk.o
 .text.process_sys_ctrl_command
                0x20000a0c       0x28 ./firmware/drivers/mss_sys_services/mss_comblk.o
 .text.start_transfer
                0x20000a34      0x150 ./firmware/drivers/mss_hpdma/mss_hpdma.o
 .text.HPDMA_Complete_IRQHandler
                0x20000b84       0xf8 ./firmware/drivers/mss_hpdma/mss_hpdma.o
                0x20000b84                HPDMA_Complete_IRQHandler
 .text.HPDMA_Error_IRQHandler
                0x20000c7c      0x100 ./firmware/drivers/mss_hpdma/mss_hpdma.o
                0x20000c7c                HPDMA_Error_IRQHandler
 .text.NVIC_DisableIRQ
                0x20000d7c       0x34 ./firmware/drivers/mss_gpio/mss_gpio.o
 .text.NVIC_ClearPendingIRQ
                0x20000db0       0x34 ./firmware/drivers/mss_gpio/mss_gpio.o
 .text.MSS_GPIO_init
                0x20000de4       0x78 ./firmware/drivers/mss_gpio/mss_gpio.o
                0x20000de4                MSS_GPIO_init
 .text.MSS_GPIO_config
                0x20000e5c       0x38 ./firmware/drivers/mss_gpio/mss_gpio.o
                0x20000e5c                MSS_GPIO_config
 .text.MSS_GPIO_set_output
                0x20000e94       0x64 ./firmware/drivers/mss_gpio/mss_gpio.o
                0x20000e94                MSS_GPIO_set_output
 .text.SystemInit
                0x20000ef8       0x20 ./firmware/CMSIS/system_m2sxxx.o
                0x20000ef8                SystemInit
 .text.get_silicon_revision
                0x20000f18       0x48 ./firmware/CMSIS/system_m2sxxx.o
 .text.silicon_workarounds
                0x20000f60       0x22 ./firmware/CMSIS/system_m2sxxx.o
 *fill*         0x20000f82        0x2 
 .text.m2s050_rev_a_workarounds
                0x20000f84       0x30 ./firmware/CMSIS/system_m2sxxx.o
 .text.MSS_GPIO_get_outputs
                0x20000fb4       0x18 ./main.o
 .text.delay    0x20000fcc       0x28 ./main.o
                0x20000fcc                delay
 .text.main     0x20000ff4      0x104 ./main.o
                0x20000ff4                main
 .text.__libc_init_array
                0x200010f8       0x48 d:/microsemi/softconsole_v5.1/arm-none-eabi-gcc/bin/../lib/gcc/arm-none-eabi/6.3.1/../../../../arm-none-eabi/lib/thumb/v7-m\libg_nano.a(lib_a-init.o)
                0x200010f8                __libc_init_array
 *(.plt)
 *(.gnu.warning)
 *(.glue_7t)
 .glue_7t       0x20001140        0x0 linker stubs
 *(.glue_7)
 .glue_7        0x20001140        0x0 linker stubs
 *(.vfp11_veneer)
 .vfp11_veneer  0x20001140        0x0 linker stubs
                0x20001140                . = ALIGN (0x4)
 *crtbegin.o(.ctors)
 *(EXCLUDE_FILE(*crtend.o) .ctors)
 *(SORT(.ctors.*))
 *crtend.o(.ctors)
 *crtbegin.o(.dtors)
 *(EXCLUDE_FILE(*crtend.o) .dtors)
 *(SORT(.dtors.*))
 *crtend.o(.dtors)
 *(.rodata .rodata.* .gnu.linkonce.r.*)
 .rodata.g_config_reg_lut
                0x20001140       0x80 ./firmware/drivers/mss_gpio/mss_gpio.o
 .rodata.g_gpio_irqn_lut
                0x200011c0       0x20 ./firmware/drivers/mss_gpio/mss_gpio.o
 .rodata.LED    0x200011e0        0x8 ./main.o
 *(.ARM.extab* .gnu.linkonce.armextab.*)
 *(.gcc_except_table)
 *(.eh_frame_hdr)
 *(.eh_frame)
 .eh_frame      0x200011e8        0x0 d:/microsemi/softconsole_v5.1/arm-none-eabi-gcc/bin/../lib/gcc/arm-none-eabi/6.3.1/thumb/v7-m/crtbegin.o
 *(.vector_table)
 *(.init)
 .init          0x200011e8        0x4 d:/microsemi/softconsole_v5.1/arm-none-eabi-gcc/bin/../lib/gcc/arm-none-eabi/6.3.1/thumb/v7-m/crti.o
                0x200011e8                _init
 .init          0x200011ec        0x8 d:/microsemi/softconsole_v5.1/arm-none-eabi-gcc/bin/../lib/gcc/arm-none-eabi/6.3.1/thumb/v7-m/crtn.o
 *(.fini)
 .fini          0x200011f4        0x4 d:/microsemi/softconsole_v5.1/arm-none-eabi-gcc/bin/../lib/gcc/arm-none-eabi/6.3.1/thumb/v7-m/crti.o
                0x200011f4                _fini
 .fini          0x200011f8        0x8 d:/microsemi/softconsole_v5.1/arm-none-eabi-gcc/bin/../lib/gcc/arm-none-eabi/6.3.1/thumb/v7-m/crtn.o
                0x20001200                PROVIDE (__preinit_array_start, .)
 *(.preinit_array)
                0x20001200                PROVIDE (__preinit_array_end, .)
                0x20001200                PROVIDE (__init_array_start, .)
 *(SORT(.init_array.*))
 *(.init_array)
 .init_array    0x20001200        0x4 d:/microsemi/softconsole_v5.1/arm-none-eabi-gcc/bin/../lib/gcc/arm-none-eabi/6.3.1/thumb/v7-m/crtbegin.o
                0x20001204                PROVIDE (__init_array_end, .)
                [!provide]                PROVIDE (__fini_array_start, .)
 *(.fini_array)
 .fini_array    0x20001204        0x4 d:/microsemi/softconsole_v5.1/arm-none-eabi-gcc/bin/../lib/gcc/arm-none-eabi/6.3.1/thumb/v7-m/crtbegin.o
 *(SORT(.fini_array.*))
                [!provide]                PROVIDE (__fini_array_end, .)
                0x20001210                . = ALIGN (0x10)
 *fill*         0x20001208        0x8 
                0x20001210                __exidx_start = .

.v4_bx          0x20001210        0x0
 .v4_bx         0x20001210        0x0 linker stubs

.iplt           0x20001210        0x0
 .iplt          0x20001210        0x0 d:/microsemi/softconsole_v5.1/arm-none-eabi-gcc/bin/../lib/gcc/arm-none-eabi/6.3.1/thumb/v7-m/crtbegin.o

.rel.dyn        0x20001210        0x0
 .rel.iplt      0x20001210        0x0 d:/microsemi/softconsole_v5.1/arm-none-eabi-gcc/bin/../lib/gcc/arm-none-eabi/6.3.1/thumb/v7-m/crtbegin.o

.ARM.exidx
 *(.ARM.exidx* .gnu.linkonce.armexidx.*)
                0x20001210                __exidx_end = .
                0x20001210                _etext = .
                [!provide]                PROVIDE (__text_end, .)

.data           0x20001210       0x10
                0x20001210                __data_load = LOADADDR (.data)
                0x20001210                _sidata = LOADADDR (.data)
                0x20001210                __data_start = .
                0x20001210                _sdata = .
 *(.jcr)
 .jcr           0x20001210        0x0 d:/microsemi/softconsole_v5.1/arm-none-eabi-gcc/bin/../lib/gcc/arm-none-eabi/6.3.1/thumb/v7-m/crtbegin.o
 .jcr           0x20001210        0x4 d:/microsemi/softconsole_v5.1/arm-none-eabi-gcc/bin/../lib/gcc/arm-none-eabi/6.3.1/thumb/v7-m/crtend.o
 *(.got.plt)
 *(.got)
 *(.shdata)
 *(.data .data.* .gnu.linkonce.d.*)
 .data.SystemCoreClock
                0x20001214        0x4 ./firmware/CMSIS/system_m2sxxx.o
                0x20001214                SystemCoreClock
                0x20001220                . = ALIGN (0x10)
 *fill*         0x20001218        0x8 
                0x20001220                _edata = .

.igot.plt       0x20001220        0x0
 .igot.plt      0x20001220        0x0 d:/microsemi/softconsole_v5.1/arm-none-eabi-gcc/bin/../lib/gcc/arm-none-eabi/6.3.1/thumb/v7-m/crtbegin.o

.bss            0x20001220       0x70
                0x20001220                __bss_start__ = .
                0x20001220                _sbss = .
 *(.shbss)
 *(.bss .bss.* .gnu.linkonce.b.*)
 .bss           0x20001220       0x1c d:/microsemi/softconsole_v5.1/arm-none-eabi-gcc/bin/../lib/gcc/arm-none-eabi/6.3.1/thumb/v7-m/crtbegin.o
 .bss.g_comblk_cmd_opcode
                0x2000123c        0x1 ./firmware/drivers/mss_sys_services/mss_comblk.o
 *fill*         0x2000123d        0x3 
 .bss.g_comblk_p_cmd
                0x20001240        0x4 ./firmware/drivers/mss_sys_services/mss_comblk.o
 .bss.g_comblk_cmd_size
                0x20001244        0x2 ./firmware/drivers/mss_sys_services/mss_comblk.o
 *fill*         0x20001246        0x2 
 .bss.g_comblk_p_data
                0x20001248        0x4 ./firmware/drivers/mss_sys_services/mss_comblk.o
 .bss.g_comblk_data_size
                0x2000124c        0x4 ./firmware/drivers/mss_sys_services/mss_comblk.o
 .bss.g_comblk_p_response
                0x20001250        0x4 ./firmware/drivers/mss_sys_services/mss_comblk.o
 .bss.g_comblk_response_size
                0x20001254        0x2 ./firmware/drivers/mss_sys_services/mss_comblk.o
 .bss.g_comblk_response_idx
                0x20001256        0x2 ./firmware/drivers/mss_sys_services/mss_comblk.o
 .bss.g_comblk_completion_handler
                0x20001258        0x4 ./firmware/drivers/mss_sys_services/mss_comblk.o
 .bss.g_comblk_page_handler
                0x2000125c        0x4 ./firmware/drivers/mss_sys_services/mss_comblk.o
 .bss.g_request_in_progress
                0x20001260        0x1 ./firmware/drivers/mss_sys_services/mss_comblk.o
 .bss.g_comblk_state
                0x20001261        0x1 ./firmware/drivers/mss_sys_services/mss_comblk.o
 *fill*         0x20001262        0x2 
 .bss.g_async_event_handler
                0x20001264        0x4 ./firmware/drivers/mss_sys_services/mss_comblk.o
 .bss.g_transfer
                0x20001268       0x18 ./firmware/drivers/mss_hpdma/mss_hpdma.o
 .bss.g_hpdma_end_desc
                0x20001280        0x4 ./firmware/drivers/mss_hpdma/mss_hpdma.o
 .bss.g_hpdma_current_desc
                0x20001284        0x4 ./firmware/drivers/mss_hpdma/mss_hpdma.o
 *(COMMON)
                0x20001290                . = ALIGN (0x10)
 *fill*         0x20001288        0x8 
                0x20001290                __bss_end__ = .
                0x20001290                _end = .
                0x20001290                __end = _end
                0x20001290                _ebss = .
                [!provide]                PROVIDE (end, .)

.heap           0x20001290     0xdd70
                0x20001290                __heap_start__ = .
                0x20002290                . = (. + MIN_SIZE_HEAP)
 *fill*         0x20001290     0x1000 
                0x2000f000                . = (. + (((ABSOLUTE (RAM_START_ADDRESS) + RAM_SIZE) - MAIN_STACK_SIZE) - .))
 *fill*         0x20002290     0xcd70 
                0x2000f000                _eheap = .

.stack          0x2000f000     0x1000
                0x2000f000                __stack_start__ = .
                0x20010000                . = (. + MAIN_STACK_SIZE)
 *fill*         0x2000f000     0x1000 
                0x20010000                _estack = .

.stab
 *(.stab)

.stabstr
 *(.stabstr)

.debug
 *(.debug)

.line
 *(.line)

.debug_srcinfo
 *(.debug_srcinfo)

.debug_sfnames
 *(.debug_sfnames)

.debug_aranges  0x00000000      0x5a8
 *(.debug_aranges)
 .debug_aranges
                0x00000000       0x20 ./firmware/hal/CortexM3/GNU/hal.o
 .debug_aranges
                0x00000020       0x20 ./firmware/hal/CortexM3/GNU/hw_reg_access.o
 .debug_aranges
                0x00000040       0x48 ./firmware/hal/CortexM3/cortex_nvic.o
 .debug_aranges
                0x00000088       0x18 ./firmware/drivers_config/sys_config/sys_config.o
 .debug_aranges
                0x000000a0       0x90 ./firmware/drivers/mss_sys_services/mss_comblk.o
 .debug_aranges
                0x00000130      0x1c8 ./firmware/drivers/mss_sys_services/mss_sys_services.o
 .debug_aranges
                0x000002f8       0x80 ./firmware/drivers/mss_nvm/mss_nvm.o
 .debug_aranges
                0x00000378       0x80 ./firmware/drivers/mss_hpdma/mss_hpdma.o
 .debug_aranges
                0x000003f8       0x68 ./firmware/drivers/mss_gpio/mss_gpio.o
 .debug_aranges
                0x00000460       0xa8 ./firmware/CMSIS/startup_gcc/newlib_stubs.o
 .debug_aranges
                0x00000508       0x20 ./firmware/CMSIS/startup_gcc/startup_m2sxxx.o
 .debug_aranges
                0x00000528       0x50 ./firmware/CMSIS/system_m2sxxx.o
 .debug_aranges
                0x00000578       0x30 ./main.o

.debug_pubnames
 *(.debug_pubnames)

.debug_info     0x00000000     0x8708
 *(.debug_info .gnu.linkonce.wi.*)
 .debug_info    0x00000000       0xb5 ./firmware/hal/CortexM3/GNU/hal.o
 .debug_info    0x000000b5       0xbf ./firmware/hal/CortexM3/GNU/hw_reg_access.o
 .debug_info    0x00000174      0x18f ./firmware/hal/CortexM3/cortex_nvic.o
 .debug_info    0x00000303       0x96 ./firmware/drivers_config/sys_config/sys_config.o
 .debug_info    0x00000399      0xadb ./firmware/drivers/mss_sys_services/mss_comblk.o
 .debug_info    0x00000e74     0x262d ./firmware/drivers/mss_sys_services/mss_sys_services.o
 .debug_info    0x000034a1     0x11ce ./firmware/drivers/mss_nvm/mss_nvm.o
 .debug_info    0x0000466f     0x1145 ./firmware/drivers/mss_hpdma/mss_hpdma.o
 .debug_info    0x000057b4     0x1004 ./firmware/drivers/mss_gpio/mss_gpio.o
 .debug_info    0x000067b8      0xf7b ./firmware/CMSIS/startup_gcc/newlib_stubs.o
 .debug_info    0x00007733       0xc1 ./firmware/CMSIS/startup_gcc/startup_m2sxxx.o
 .debug_info    0x000077f4      0xab9 ./firmware/CMSIS/system_m2sxxx.o
 .debug_info    0x000082ad      0x45b ./main.o

.debug_abbrev   0x00000000     0x11c5
 *(.debug_abbrev)
 .debug_abbrev  0x00000000       0x14 ./firmware/hal/CortexM3/GNU/hal.o
 .debug_abbrev  0x00000014       0x14 ./firmware/hal/CortexM3/GNU/hw_reg_access.o
 .debug_abbrev  0x00000028       0x8b ./firmware/hal/CortexM3/cortex_nvic.o
 .debug_abbrev  0x000000b3       0x4e ./firmware/drivers_config/sys_config/sys_config.o
 .debug_abbrev  0x00000101      0x1fc ./firmware/drivers/mss_sys_services/mss_comblk.o
 .debug_abbrev  0x000002fd      0x31d ./firmware/drivers/mss_sys_services/mss_sys_services.o
 .debug_abbrev  0x0000061a      0x1cb ./firmware/drivers/mss_nvm/mss_nvm.o
 .debug_abbrev  0x000007e5      0x269 ./firmware/drivers/mss_hpdma/mss_hpdma.o
 .debug_abbrev  0x00000a4e      0x1bb ./firmware/drivers/mss_gpio/mss_gpio.o
 .debug_abbrev  0x00000c09      0x2ef ./firmware/CMSIS/startup_gcc/newlib_stubs.o
 .debug_abbrev  0x00000ef8       0x14 ./firmware/CMSIS/startup_gcc/startup_m2sxxx.o
 .debug_abbrev  0x00000f0c      0x190 ./firmware/CMSIS/system_m2sxxx.o
 .debug_abbrev  0x0000109c      0x129 ./main.o

.debug_line     0x00000000     0x36ea
 *(.debug_line)
 .debug_line    0x00000000       0x56 ./firmware/hal/CortexM3/GNU/hal.o
 .debug_line    0x00000056       0x94 ./firmware/hal/CortexM3/GNU/hw_reg_access.o
 .debug_line    0x000000ea      0x2d7 ./firmware/hal/CortexM3/cortex_nvic.o
 .debug_line    0x000003c1      0x2e0 ./firmware/drivers_config/sys_config/sys_config.o
 .debug_line    0x000006a1      0x599 ./firmware/drivers/mss_sys_services/mss_comblk.o
 .debug_line    0x00000c3a      0xe00 ./firmware/drivers/mss_sys_services/mss_sys_services.o
 .debug_line    0x00001a3a      0x6ce ./firmware/drivers/mss_nvm/mss_nvm.o
 .debug_line    0x00002108      0x4a2 ./firmware/drivers/mss_hpdma/mss_hpdma.o
 .debug_line    0x000025aa      0x415 ./firmware/drivers/mss_gpio/mss_gpio.o
 .debug_line    0x000029bf      0x498 ./firmware/CMSIS/startup_gcc/newlib_stubs.o
 .debug_line    0x00002e57      0x197 ./firmware/CMSIS/startup_gcc/startup_m2sxxx.o
 .debug_line    0x00002fee      0x38f ./firmware/CMSIS/system_m2sxxx.o
 .debug_line    0x0000337d      0x36d ./main.o

.debug_frame    0x00000000     0x15ac
 *(.debug_frame)
 .debug_frame   0x00000000       0xf8 ./firmware/hal/CortexM3/cortex_nvic.o
 .debug_frame   0x000000f8      0x240 ./firmware/drivers/mss_sys_services/mss_comblk.o
 .debug_frame   0x00000338      0x7dc ./firmware/drivers/mss_sys_services/mss_sys_services.o
 .debug_frame   0x00000b14      0x208 ./firmware/drivers/mss_nvm/mss_nvm.o
 .debug_frame   0x00000d1c      0x210 ./firmware/drivers/mss_hpdma/mss_hpdma.o
 .debug_frame   0x00000f2c      0x198 ./firmware/drivers/mss_gpio/mss_gpio.o
 .debug_frame   0x000010c4      0x2a8 ./firmware/CMSIS/startup_gcc/newlib_stubs.o
 .debug_frame   0x0000136c      0x10c ./firmware/CMSIS/system_m2sxxx.o
 .debug_frame   0x00001478       0x78 ./main.o
 .debug_frame   0x000014f0       0x20 d:/microsemi/softconsole_v5.1/arm-none-eabi-gcc/bin/../lib/gcc/arm-none-eabi/6.3.1/../../../../arm-none-eabi/lib/thumb/v7-m\libg_nano.a(lib_a-errno.o)
 .debug_frame   0x00001510       0x28 d:/microsemi/softconsole_v5.1/arm-none-eabi-gcc/bin/../lib/gcc/arm-none-eabi/6.3.1/../../../../arm-none-eabi/lib/thumb/v7-m\libg_nano.a(lib_a-exit.o)
 .debug_frame   0x00001538       0x2c d:/microsemi/softconsole_v5.1/arm-none-eabi-gcc/bin/../lib/gcc/arm-none-eabi/6.3.1/../../../../arm-none-eabi/lib/thumb/v7-m\libg_nano.a(lib_a-init.o)
 .debug_frame   0x00001564       0x28 d:/microsemi/softconsole_v5.1/arm-none-eabi-gcc/bin/../lib/gcc/arm-none-eabi/6.3.1/../../../../arm-none-eabi/lib/thumb/v7-m\libg_nano.a(lib_a-memcpy-stub.o)
 .debug_frame   0x0000158c       0x20 d:/microsemi/softconsole_v5.1/arm-none-eabi-gcc/bin/../lib/gcc/arm-none-eabi/6.3.1/../../../../arm-none-eabi/lib/thumb/v7-m\libg_nano.a(lib_a-memset.o)

.debug_str      0x00000000    0x13bad
 *(.debug_str)
 .debug_str     0x00000000     0x3897 ./firmware/hal/CortexM3/cortex_nvic.o
                               0x3a34 (size before relaxing)
 .debug_str     0x00003897     0x58b3 ./firmware/drivers_config/sys_config/sys_config.o
                               0x8cca (size before relaxing)
 .debug_str     0x0000914a      0xa47 ./firmware/drivers/mss_sys_services/mss_comblk.o
                               0x9a92 (size before relaxing)
 .debug_str     0x00009b91     0x5576 ./firmware/drivers/mss_sys_services/mss_sys_services.o
                               0xe78a (size before relaxing)
 .debug_str     0x0000f107      0xd5b ./firmware/drivers/mss_nvm/mss_nvm.o
                               0xa466 (size before relaxing)
 .debug_str     0x0000fe62      0x76b ./firmware/drivers/mss_hpdma/mss_hpdma.o
                               0xa3ac (size before relaxing)
 .debug_str     0x000105cd      0x9ea ./firmware/drivers/mss_gpio/mss_gpio.o
                               0xa600 (size before relaxing)
 .debug_str     0x00010fb7     0x26c9 ./firmware/CMSIS/startup_gcc/newlib_stubs.o
                               0x8082 (size before relaxing)
 .debug_str     0x00013680      0x4f7 ./firmware/CMSIS/system_m2sxxx.o
                               0x9979 (size before relaxing)
 .debug_str     0x00013b77       0x36 ./main.o
                               0x9326 (size before relaxing)

.debug_loc
 *(.debug_loc)

.debug_macinfo
 *(.debug_macinfo)

.debug_weaknames
 *(.debug_weaknames)

.debug_funcnames
 *(.debug_funcnames)

.debug_typenames
 *(.debug_typenames)

.debug_varnames
 *(.debug_varnames)

.note.gnu.arm.ident
 *(.note.gnu.arm.ident)

.ARM.attributes
                0x00000000       0x29
 *(.ARM.attributes)
 .ARM.attributes
                0x00000000       0x1d d:/microsemi/softconsole_v5.1/arm-none-eabi-gcc/bin/../lib/gcc/arm-none-eabi/6.3.1/thumb/v7-m/crti.o
 .ARM.attributes
                0x0000001d       0x2d d:/microsemi/softconsole_v5.1/arm-none-eabi-gcc/bin/../lib/gcc/arm-none-eabi/6.3.1/thumb/v7-m/crtbegin.o
 .ARM.attributes
                0x0000004a       0x1b d:/microsemi/softconsole_v5.1/arm-none-eabi-gcc/bin/../lib/gcc/arm-none-eabi/6.3.1/../../../../arm-none-eabi/lib/thumb/v7-m/crt0.o
 .ARM.attributes
                0x00000065       0x21 ./firmware/hal/CortexM3/GNU/hal.o
 .ARM.attributes
                0x00000086       0x21 ./firmware/hal/CortexM3/GNU/hw_reg_access.o
 .ARM.attributes
                0x000000a7       0x33 ./firmware/hal/CortexM3/cortex_nvic.o
 .ARM.attributes
                0x000000da       0x33 ./firmware/drivers_config/sys_config/sys_config.o
 .ARM.attributes
                0x0000010d       0x33 ./firmware/drivers/mss_sys_services/mss_comblk.o
 .ARM.attributes
                0x00000140       0x33 ./firmware/drivers/mss_sys_services/mss_sys_services.o
 .ARM.attributes
                0x00000173       0x33 ./firmware/drivers/mss_nvm/mss_nvm.o
 .ARM.attributes
                0x000001a6       0x33 ./firmware/drivers/mss_hpdma/mss_hpdma.o
 .ARM.attributes
                0x000001d9       0x33 ./firmware/drivers/mss_gpio/mss_gpio.o
 .ARM.attributes
                0x0000020c       0x33 ./firmware/CMSIS/startup_gcc/newlib_stubs.o
 .ARM.attributes
                0x0000023f       0x21 ./firmware/CMSIS/startup_gcc/startup_m2sxxx.o
 .ARM.attributes
                0x00000260       0x33 ./firmware/CMSIS/system_m2sxxx.o
 .ARM.attributes
                0x00000293       0x33 ./main.o
 .ARM.attributes
                0x000002c6       0x2d d:/microsemi/softconsole_v5.1/arm-none-eabi-gcc/bin/../lib/gcc/arm-none-eabi/6.3.1/../../../../arm-none-eabi/lib/thumb/v7-m\libg_nano.a(lib_a-errno.o)
 .ARM.attributes
                0x000002f3       0x2d d:/microsemi/softconsole_v5.1/arm-none-eabi-gcc/bin/../lib/gcc/arm-none-eabi/6.3.1/../../../../arm-none-eabi/lib/thumb/v7-m\libg_nano.a(lib_a-exit.o)
 .ARM.attributes
                0x00000320       0x2d d:/microsemi/softconsole_v5.1/arm-none-eabi-gcc/bin/../lib/gcc/arm-none-eabi/6.3.1/../../../../arm-none-eabi/lib/thumb/v7-m\libg_nano.a(lib_a-impure.o)
 .ARM.attributes
                0x0000034d       0x2d d:/microsemi/softconsole_v5.1/arm-none-eabi-gcc/bin/../lib/gcc/arm-none-eabi/6.3.1/../../../../arm-none-eabi/lib/thumb/v7-m\libg_nano.a(lib_a-init.o)
 .ARM.attributes
                0x0000037a       0x2d d:/microsemi/softconsole_v5.1/arm-none-eabi-gcc/bin/../lib/gcc/arm-none-eabi/6.3.1/../../../../arm-none-eabi/lib/thumb/v7-m\libg_nano.a(lib_a-memcpy-stub.o)
 .ARM.attributes
                0x000003a7       0x2d d:/microsemi/softconsole_v5.1/arm-none-eabi-gcc/bin/../lib/gcc/arm-none-eabi/6.3.1/../../../../arm-none-eabi/lib/thumb/v7-m\libg_nano.a(lib_a-memset.o)
 .ARM.attributes
                0x000003d4       0x2d d:/microsemi/softconsole_v5.1/arm-none-eabi-gcc/bin/../lib/gcc/arm-none-eabi/6.3.1/thumb/v7-m/crtend.o
 .ARM.attributes
                0x00000401       0x1d d:/microsemi/softconsole_v5.1/arm-none-eabi-gcc/bin/../lib/gcc/arm-none-eabi/6.3.1/thumb/v7-m/crtn.o

/DISCARD/
 *(.note.GNU-stack)
 *(.isr_vector)
OUTPUT(test_software.elf elf32-littlearm)

.debug_ranges   0x00000000      0x508
 .debug_ranges  0x00000000       0x38 ./firmware/hal/CortexM3/cortex_nvic.o
 .debug_ranges  0x00000038       0xd0 ./firmware/drivers/mss_sys_services/mss_comblk.o
 .debug_ranges  0x00000108      0x1b8 ./firmware/drivers/mss_sys_services/mss_sys_services.o
 .debug_ranges  0x000002c0       0x70 ./firmware/drivers/mss_nvm/mss_nvm.o
 .debug_ranges  0x00000330       0x70 ./firmware/drivers/mss_hpdma/mss_hpdma.o
 .debug_ranges  0x000003a0       0x58 ./firmware/drivers/mss_gpio/mss_gpio.o
 .debug_ranges  0x000003f8       0x98 ./firmware/CMSIS/startup_gcc/newlib_stubs.o
 .debug_ranges  0x00000490       0x58 ./firmware/CMSIS/system_m2sxxx.o
 .debug_ranges  0x000004e8       0x20 ./main.o

.debug_macro    0x00000000     0x4792
 .debug_macro   0x00000000       0xb7 ./firmware/hal/CortexM3/cortex_nvic.o
 .debug_macro   0x000000b7      0x898 ./firmware/hal/CortexM3/cortex_nvic.o
 .debug_macro   0x0000094f       0x22 ./firmware/hal/CortexM3/cortex_nvic.o
 .debug_macro   0x00000971       0x87 ./firmware/hal/CortexM3/cortex_nvic.o
 .debug_macro   0x000009f8       0x51 ./firmware/hal/CortexM3/cortex_nvic.o
 .debug_macro   0x00000a49       0xef ./firmware/hal/CortexM3/cortex_nvic.o
 .debug_macro   0x00000b38       0x6a ./firmware/hal/CortexM3/cortex_nvic.o
 .debug_macro   0x00000ba2      0x1df ./firmware/hal/CortexM3/cortex_nvic.o
 .debug_macro   0x00000d81       0x58 ./firmware/hal/CortexM3/cortex_nvic.o
 .debug_macro   0x00000dd9       0x35 ./firmware/hal/CortexM3/cortex_nvic.o
 .debug_macro   0x00000e0e       0x9c ./firmware/hal/CortexM3/cortex_nvic.o
 .debug_macro   0x00000eaa       0x1c ./firmware/hal/CortexM3/cortex_nvic.o
 .debug_macro   0x00000ec6       0xc7 ./firmware/drivers_config/sys_config/sys_config.o
 .debug_macro   0x00000f8d       0x26 ./firmware/drivers_config/sys_config/sys_config.o
 .debug_macro   0x00000fb3       0x34 ./firmware/drivers_config/sys_config/sys_config.o
 .debug_macro   0x00000fe7       0x34 ./firmware/drivers_config/sys_config/sys_config.o
 .debug_macro   0x0000101b      0xca6 ./firmware/drivers_config/sys_config/sys_config.o
 .debug_macro   0x00001cc1      0x265 ./firmware/drivers_config/sys_config/sys_config.o
 .debug_macro   0x00001f26       0x3a ./firmware/drivers_config/sys_config/sys_config.o
 .debug_macro   0x00001f60       0x34 ./firmware/drivers_config/sys_config/sys_config.o
 .debug_macro   0x00001f94      0x169 ./firmware/drivers/mss_sys_services/mss_comblk.o
 .debug_macro   0x000020fd      0x3eb ./firmware/drivers/mss_sys_services/mss_sys_services.o
 .debug_macro   0x000024e8      0x2f8 ./firmware/drivers/mss_sys_services/mss_sys_services.o
 .debug_macro   0x000027e0      0x174 ./firmware/drivers/mss_sys_services/mss_sys_services.o
 .debug_macro   0x00002954       0x58 ./firmware/drivers/mss_sys_services/mss_sys_services.o
 .debug_macro   0x000029ac       0x1f ./firmware/drivers/mss_sys_services/mss_sys_services.o
 .debug_macro   0x000029cb       0x43 ./firmware/drivers/mss_sys_services/mss_sys_services.o
 .debug_macro   0x00002a0e       0x20 ./firmware/drivers/mss_sys_services/mss_sys_services.o
 .debug_macro   0x00002a2e      0x187 ./firmware/drivers/mss_sys_services/mss_sys_services.o
 .debug_macro   0x00002bb5      0x30d ./firmware/drivers/mss_sys_services/mss_sys_services.o
 .debug_macro   0x00002ec2       0x10 ./firmware/drivers/mss_sys_services/mss_sys_services.o
 .debug_macro   0x00002ed2       0x35 ./firmware/drivers/mss_sys_services/mss_sys_services.o
 .debug_macro   0x00002f07      0x2b0 ./firmware/drivers/mss_nvm/mss_nvm.o
 .debug_macro   0x000031b7       0x16 ./firmware/drivers/mss_nvm/mss_nvm.o
 .debug_macro   0x000031cd      0x152 ./firmware/drivers/mss_hpdma/mss_hpdma.o
 .debug_macro   0x0000331f       0x52 ./firmware/drivers/mss_hpdma/mss_hpdma.o
 .debug_macro   0x00003371       0x8d ./firmware/drivers/mss_hpdma/mss_hpdma.o
 .debug_macro   0x000033fe       0x57 ./firmware/drivers/mss_hpdma/mss_hpdma.o
 .debug_macro   0x00003455       0x10 ./firmware/drivers/mss_hpdma/mss_hpdma.o
 .debug_macro   0x00003465      0x110 ./firmware/drivers/mss_gpio/mss_gpio.o
 .debug_macro   0x00003575      0x11c ./firmware/drivers/mss_gpio/mss_gpio.o
 .debug_macro   0x00003691      0x1ed ./firmware/CMSIS/startup_gcc/newlib_stubs.o
 .debug_macro   0x0000387e       0x16 ./firmware/CMSIS/startup_gcc/newlib_stubs.o
 .debug_macro   0x00003894      0x10e ./firmware/CMSIS/startup_gcc/newlib_stubs.o
 .debug_macro   0x000039a2       0x8d ./firmware/CMSIS/startup_gcc/newlib_stubs.o
 .debug_macro   0x00003a2f       0x16 ./firmware/CMSIS/startup_gcc/newlib_stubs.o
 .debug_macro   0x00003a45       0x29 ./firmware/CMSIS/startup_gcc/newlib_stubs.o
 .debug_macro   0x00003a6e       0x16 ./firmware/CMSIS/startup_gcc/newlib_stubs.o
 .debug_macro   0x00003a84       0x10 ./firmware/CMSIS/startup_gcc/newlib_stubs.o
 .debug_macro   0x00003a94       0x1c ./firmware/CMSIS/startup_gcc/newlib_stubs.o
 .debug_macro   0x00003ab0       0x52 ./firmware/CMSIS/startup_gcc/newlib_stubs.o
 .debug_macro   0x00003b02       0x40 ./firmware/CMSIS/startup_gcc/newlib_stubs.o
 .debug_macro   0x00003b42       0x10 ./firmware/CMSIS/startup_gcc/newlib_stubs.o
 .debug_macro   0x00003b52       0x40 ./firmware/CMSIS/startup_gcc/newlib_stubs.o
 .debug_macro   0x00003b92       0xd7 ./firmware/CMSIS/startup_gcc/newlib_stubs.o
 .debug_macro   0x00003c69      0x51a ./firmware/CMSIS/startup_gcc/newlib_stubs.o
 .debug_macro   0x00004183       0x16 ./firmware/CMSIS/startup_gcc/newlib_stubs.o
 .debug_macro   0x00004199       0x10 ./firmware/CMSIS/startup_gcc/newlib_stubs.o
 .debug_macro   0x000041a9       0x10 ./firmware/CMSIS/startup_gcc/newlib_stubs.o
 .debug_macro   0x000041b9       0x35 ./firmware/CMSIS/startup_gcc/newlib_stubs.o
 .debug_macro   0x000041ee      0x122 ./firmware/CMSIS/startup_gcc/newlib_stubs.o
 .debug_macro   0x00004310       0x10 ./firmware/CMSIS/startup_gcc/newlib_stubs.o
 .debug_macro   0x00004320      0x241 ./firmware/CMSIS/startup_gcc/newlib_stubs.o
 .debug_macro   0x00004561      0x173 ./firmware/CMSIS/system_m2sxxx.o
 .debug_macro   0x000046d4       0xbe ./main.o

.comment        0x00000000       0x7f
 .comment       0x00000000       0x7f ./firmware/hal/CortexM3/cortex_nvic.o
                                 0x80 (size before relaxing)
 .comment       0x0000007f       0x80 ./firmware/drivers_config/sys_config/sys_config.o
 .comment       0x0000007f       0x80 ./firmware/drivers/mss_sys_services/mss_comblk.o
 .comment       0x0000007f       0x80 ./firmware/drivers/mss_sys_services/mss_sys_services.o
 .comment       0x0000007f       0x80 ./firmware/drivers/mss_nvm/mss_nvm.o
 .comment       0x0000007f       0x80 ./firmware/drivers/mss_hpdma/mss_hpdma.o
 .comment       0x0000007f       0x80 ./firmware/drivers/mss_gpio/mss_gpio.o
 .comment       0x0000007f       0x80 ./firmware/CMSIS/startup_gcc/newlib_stubs.o
 .comment       0x0000007f       0x80 ./firmware/CMSIS/system_m2sxxx.o
 .comment       0x0000007f       0x80 ./main.o
